Component: ARM Compiler 5.06 update 1 (build 61) Tool: armlink [4d35a8]

==============================================================================

Section Cross References

    startup_stm32f407xx.o(RESET) refers to startup_stm32f407xx.o(STACK) for __initial_sp
    startup_stm32f407xx.o(RESET) refers to startup_stm32f407xx.o(.text) for Reset_Handler
    startup_stm32f407xx.o(RESET) refers to stm32f4xx_it.o(i.NMI_Handler) for NMI_Handler
    startup_stm32f407xx.o(RESET) refers to stm32f4xx_it.o(i.HardFault_Handler) for HardFault_Handler
    startup_stm32f407xx.o(RESET) refers to stm32f4xx_it.o(i.MemManage_Handler) for MemManage_Handler
    startup_stm32f407xx.o(RESET) refers to stm32f4xx_it.o(i.BusFault_Handler) for BusFault_Handler
    startup_stm32f407xx.o(RESET) refers to stm32f4xx_it.o(i.UsageFault_Handler) for UsageFault_Handler
    startup_stm32f407xx.o(RESET) refers to stm32f4xx_it.o(i.SVC_Handler) for SVC_Handler
    startup_stm32f407xx.o(RESET) refers to stm32f4xx_it.o(i.DebugMon_Handler) for DebugMon_Handler
    startup_stm32f407xx.o(RESET) refers to stm32f4xx_it.o(i.PendSV_Handler) for PendSV_Handler
    startup_stm32f407xx.o(RESET) refers to stm32f4xx_it.o(i.SysTick_Handler) for SysTick_Handler
    startup_stm32f407xx.o(RESET) refers to stm32f4xx_it.o(i.EXTI0_IRQHandler) for EXTI0_IRQHandler
    startup_stm32f407xx.o(RESET) refers to stm32f4xx_it.o(i.DMA1_Stream3_IRQHandler) for DMA1_Stream3_IRQHandler
    startup_stm32f407xx.o(RESET) refers to stm32f4xx_it.o(i.USART1_IRQHandler) for USART1_IRQHandler
    startup_stm32f407xx.o(RESET) refers to stm32f4xx_it.o(i.DMA1_Stream7_IRQHandler) for DMA1_Stream7_IRQHandler
    startup_stm32f407xx.o(RESET) refers to stm32f4xx_it.o(i.DMA2_Stream2_IRQHandler) for DMA2_Stream2_IRQHandler
    startup_stm32f407xx.o(.text) refers to system_stm32f4xx.o(i.SystemInit) for SystemInit
    startup_stm32f407xx.o(.text) refers to entry.o(.ARM.Collect$$$$00000000) for __main
    audio_record.o(i.AudioRecord) refers to stm32f4_discovery.o(i.BSP_LED_On) for BSP_LED_On
    audio_record.o(i.AudioRecord) refers to stm32f4_discovery_audio.o(i.BSP_AUDIO_IN_Record) for BSP_AUDIO_IN_Record
    audio_record.o(i.AudioRecord) refers to main.o(i.Error_Handler) for Error_Handler
    audio_record.o(i.AudioRecord) refers to stm32f4_discovery_audio.o(i.BSP_AUDIO_IN_PDMToPCM) for BSP_AUDIO_IN_PDMToPCM
    audio_record.o(i.AudioRecord) refers to dsp.o(i.remove_copy) for remove_copy
    audio_record.o(i.AudioRecord) refers to stm32f4_discovery_audio.o(i.BSP_AUDIO_IN_Stop) for BSP_AUDIO_IN_Stop
    audio_record.o(i.AudioRecord) refers to arm_power_f32.o(.text.arm_power_f32) for arm_power_f32
    audio_record.o(i.AudioRecord) refers to arm_copy_f32.o(.text.arm_copy_f32) for arm_copy_f32
    audio_record.o(i.AudioRecord) refers to printfa.o(i.__0printf) for __2printf
    audio_record.o(i.AudioRecord) refers to stm32f4_discovery.o(i.BSP_LED_Off) for BSP_LED_Off
    audio_record.o(i.AudioRecord) refers to audio_record.o(.data) for .data
    audio_record.o(i.AudioRecord) refers to dsp.o(.data) for AudioTotalSize
    audio_record.o(i.AudioRecord) refers to main.o(.data) for UserPressButton
    audio_record.o(i.BSP_AUDIO_IN_Error_Callback) refers to main.o(i.Error_Handler) for Error_Handler
    audio_record.o(i.BSP_AUDIO_IN_HalfTransfer_CallBack) refers to audio_record.o(.data) for .data
    audio_record.o(i.BSP_AUDIO_IN_TransferComplete_CallBack) refers to audio_record.o(.data) for .data
    audio_record.o(i.BSP_AUDIO_OUT_TransferComplete_CallBack) refers to stm32f4_discovery_audio.o(i.BSP_AUDIO_OUT_ChangeBuffer) for BSP_AUDIO_OUT_ChangeBuffer
    audio_record.o(i.BSP_AUDIO_OUT_TransferComplete_CallBack) refers to stm32f4_discovery_audio.o(i.BSP_AUDIO_OUT_Play) for BSP_AUDIO_OUT_Play
    audio_record.o(i.BSP_AUDIO_OUT_TransferComplete_CallBack) refers to audio_record.o(.data) for .data
    audio_record.o(i.BSP_AUDIO_OUT_TransferComplete_CallBack) refers to dsp.o(.data) for AudioTotalSize
    mems.o(i.ACCELERO_MEMS_Test) refers to stm32f4_discovery_accelerometer.o(i.BSP_ACCELERO_Init) for BSP_ACCELERO_Init
    mems.o(i.ACCELERO_MEMS_Test) refers to main.o(i.Error_Handler) for Error_Handler
    mems.o(i.ACCELERO_MEMS_Test) refers to mems.o(i.ACCELERO_ReadAcc) for ACCELERO_ReadAcc
    mems.o(i.ACCELERO_MEMS_Test) refers to main.o(.data) for UserPressButton
    mems.o(i.ACCELERO_ReadAcc) refers to stm32f4_discovery_accelerometer.o(i.BSP_ACCELERO_GetXYZ) for BSP_ACCELERO_GetXYZ
    mems.o(i.ACCELERO_ReadAcc) refers to stm32f4_discovery.o(i.BSP_LED_On) for BSP_LED_On
    mems.o(i.ACCELERO_ReadAcc) refers to stm32f4xx_hal.o(i.HAL_Delay) for HAL_Delay
    mems.o(i.ACCELERO_ReadAcc) refers to stm32f4_discovery.o(i.BSP_LED_Off) for BSP_LED_Off
    mems.o(i.ACCELERO_ReadAcc) refers to mems.o(.data) for .data
    dsp.o(i.block_frames) refers to dflti.o(.text) for __aeabi_i2d
    dsp.o(i.block_frames) refers to floor.o(i.__hardfp_floor) for __hardfp_floor
[...]
    .data                                    0x20000000   Section       32  audio_record.o(.data)
    AudioTest                                0x2000000c   Data           4  audio_record.o(.data)
    AudioRemSize                             0x20000010   Data           4  audio_record.o(.data)
    CurrentPos                               0x20000014   Data           4  audio_record.o(.data)
    .data                                    0x20000020   Section        4  dsp.o(.data)
    .data                                    0x20000024   Section       10  dsp_coeffs.o(.data)
    .data                                    0x20000030   Section       36  lcd16x2.o(.data)
    is8BitsMode                              0x20000030   Data           1  lcd16x2.o(.data)
    DisplayControl                           0x20000031   Data           1  lcd16x2.o(.data)
    FunctionSet                              0x20000032   Data           1  lcd16x2.o(.data)
    PIN_RS                                   0x20000034   Data           2  lcd16x2.o(.data)
    PIN_E                                    0x20000036   Data           2  lcd16x2.o(.data)
    D0_PIN                                   0x20000038   Data           2  lcd16x2.o(.data)
    D1_PIN                                   0x2000003a   Data           2  lcd16x2.o(.data)
    D2_PIN                                   0x2000003c   Data           2  lcd16x2.o(.data)
    D3_PIN                                   0x2000003e   Data           2  lcd16x2.o(.data)
    D4_PIN                                   0x20000040   Data           2  lcd16x2.o(.data)
    D5_PIN                                   0x20000042   Data           2  lcd16x2.o(.data)
    D6_PIN                                   0x20000044   Data           2  lcd16x2.o(.data)
    D7_PIN                                   0x20000046   Data           2  lcd16x2.o(.data)
    PORT_RS_and_E                            0x20000048   Data           4  lcd16x2.o(.data)
    PORT_LSB                                 0x2000004c   Data           4  lcd16x2.o(.data)
    PORT_MSB                                 0x20000050   Data           4  lcd16x2.o(.data)
    .data                                    0x20000054   Section       18  main.o(.data)
    last_tick                                0x2000005c   Data           4  main.o(.data)
    .data                                    0x20000068   Section       12  stm32f4xx_hal.o(.data)
    .data                                    0x20000074   Section        4  system_stm32f4xx.o(.data)
    .data                                    0x20000078   Section       28  stm32f4_discovery.o(.data)
    .data                                    0x20000094   Section        8  stm32f4_discovery_audio.o(.data)
    pAudioDrv                                0x20000098   Data           4  stm32f4_discovery_audio.o(.data)
    .data                                    0x2000009c   Section     1028  pdm_filter.o(.data)
    LT_Initialization                        0x2000009c   Data           1  pdm_filter.o(.data)
    T_0_1_2                                  0x200000a0   Data        1024  pdm_filter.o(.data)
    .data                                    0x200004a0   Section        4  stdout.o(.data)
    .data                                    0x200004a4   Section        4  mvars.o(.data)
    .data                                    0x200004a8   Section        4  mvars.o(.data)
    .data                                    0x200004ac   Section        4  errno.o(.data)
    _errno                                   0x200004ac   Data           4  errno.o(.data)
    .bss                                     0x200004b0   Section    19548  main.o(.bss)
    .bss                                     0x2000510c   Section       96  main.o(.bss)
    .bss                                     0x2000516c   Section      500  stm32f4_discovery_audio.o(.bss)
    hdma_i2sTx                               0x2000516c   Data          96  stm32f4_discovery_audio.o(.bss)
    hdma_i2sRx                               0x200051cc   Data          96  stm32f4_discovery_audio.o(.bss)
    HEAP                                     0x20005360   Section    12288  startup_stm32f407xx.o(HEAP)
    STACK                                    0x20008360   Section    36864  startup_stm32f407xx.o(STACK)

    Global Symbols

    Symbol Name                              Value     Ov Type        Size  Object(Section)

    BuildAttributes$$THM_ISAv4$E$P$D$K$B$S$7EM$VFPi3$EXTD16$VFPS$VFMA$PE$A:L22UL41UL21$X:L11$S22US41US21$IEEE1$IW$USESV6$~STKCKD$USESV7$~SHL$OTIME$ROPI$IEEEX$EBA8$MICROLIB$REQ8$PRES8$EABIv2 0x00000000   Number         0  anon$$obj.o ABSOLUTE
    __ARM_use_no_argv                        0x00000000   Number         0  main.o ABSOLUTE
    _printf_a                                0x00000000   Number         0  stubs.o ABSOLUTE
    _printf_c                                0x00000000   Number         0  stubs.o ABSOLUTE
    _printf_charcount                        0x00000000   Number         0  stubs.o ABSOLUTE
    _printf_d                                0x00000000   Number         0  stubs.o ABSOLUTE
    _printf_e                                0x00000000   Number         0  stubs.o ABSOLUTE
    _printf_f                                0x00000000   Number         0  stubs.o ABSOLUTE
    _printf_flags                            0x00000000   Number         0  stubs.o ABSOLUTE
    _printf_fp_dec                           0x00000000   Number         0  stubs.o ABSOLUTE
    _printf_fp_hex                           0x00000000   Number         0  stubs.o ABSOLUTE
    _printf_g                                0x00000000   Number         0  stubs.o ABSOLUTE
    _printf_i                                0x00000000   Number         0  stubs.o ABSOLUTE
    _printf_int_dec                          0x00000000   Number         0  stubs.o ABSOLUTE
    _printf_l                                0x00000000   Number         0  stubs.o ABSOLUTE
    _printf_lc                               0x00000000   Number         0  stubs.o ABSOLUTE
    _printf_ll                               0x00000000   Number         0  stubs.o ABSOLUTE
    _printf_lld                              0x00000000   Number         0  stubs.o ABSOLUTE
    _printf_lli                              0x00000000   Number         0  stubs.o ABSOLUTE
    _printf_llo                              0x00000000   Number         0  stubs.o ABSOLUTE
    _printf_llu                              0x00000000   Number         0  stubs.o ABSOLUTE
    _printf_llx                              0x00000000   Number         0  stubs.o ABSOLUTE
    _printf_longlong_dec                     0x00000000   Number         0  stubs.o ABSOLUTE
    _printf_longlong_hex                     0x00000000   Number         0  stubs.o ABSOLUTE
    _printf_longlong_oct                     0x00000000   Number         0  stubs.o ABSOLUTE
    _printf_ls                               0x00000000   Number         0  stubs.o ABSOLUTE
    _printf_mbtowc                           0x00000000   Number         0  stubs.o ABSOLUTE
    _printf_n                                0x00000000   Number         0  stubs.o ABSOLUTE
    _printf_o                                0x00000000   Number         0  stubs.o ABSOLUTE
    _printf_p                                0x00000000   Number         0  stubs.o ABSOLUTE
    _printf_percent                          0x00000000   Number         0  stubs.o ABSOLUTE
    _printf_pre_padding                      0x00000000   Number         0  stubs.o ABSOLUTE
    _printf_return_value                     0x00000000   Number         0  stubs.o ABSOLUTE
    _printf_s                                0x00000000   Number         0  stubs.o ABSOLUTE
    _printf_sizespec                         0x00000000   Number         0  stubs.o ABSOLUTE
    _printf_str                              0x00000000   Number         0  stubs.o ABSOLUTE
    _printf_truncate_signed                  0x00000000   Number         0  stubs.o ABSOLUTE
    _printf_truncate_unsigned                0x00000000   Number         0  stubs.o ABSOLUTE
    _printf_u                                0x00000000   Number         0  stubs.o ABSOLUTE
    _printf_wc                               0x00000000   Number         0  stubs.o ABSOLUTE
    _printf_wctomb                           0x00000000   Number         0  stubs.o ABSOLUTE
    _printf_widthprec                        0x00000000   Number         0  stubs.o ABSOLUTE
    _printf_x                                0x00000000   Number         0  stubs.o ABSOLUTE
    __cpp_initialize__aeabi_                  - Undefined Weak Reference
    __cxa_finalize                            - Undefined Weak Reference
    _clock_init                               - Undefined Weak Reference
    _microlib_exit                            - Undefined Weak Reference
    __Vectors_Size                           0x00000188   Number         0  startup_stm32f407xx.o ABSOLUTE
    __Vectors                                0x08000000   Data           4  startup_stm32f407xx.o(RESET)
    __Vectors_End                            0x08000188   Data           0  startup_stm32f407xx.o(RESET)
    __main                                   0x08000189   Thumb Code     0  entry.o(.ARM.Collect$$$$00000000)
    _main_stk                                0x08000189   Thumb Code     0  entry2.o(.ARM.Collect$$$$00000001)
    _main_scatterload                        0x0800018d   Thumb Code     0  entry5.o(.ARM.Collect$$$$00000004)
    __main_after_scatterload                 0x08000191   Thumb Code     0  entry5.o(.ARM.Collect$$$$00000004)
    _main_clock                              0x08000191   Thumb Code     0  entry7b.o(.ARM.Collect$$$$00000008)
    _main_cpp_init                           0x08000191   Thumb Code     0  entry8b.o(.ARM.Collect$$$$0000000A)
    _main_init                               0x08000191   Thumb Code     0  entry9a.o(.ARM.Collect$$$$0000000B)
    __rt_final_cpp                           0x08000199   Thumb Code     0  entry10a.o(.ARM.Collect$$$$0000000D)
    __rt_final_exit                          0x08000199   Thumb Code     0  entry11a.o(.ARM.Collect$$$$0000000F)
    __asm___12_pdm_filter_c_5676b99f____REV16 0x0800019d   Thumb Code     4  pdm_filter.o(.rev16_text)
    Reset_Handler                            0x080001a1   Thumb Code     8  startup_stm32f407xx.o(.text)
    ADC_IRQHandler                           0x080001bb   Thumb Code     0  startup_stm32f407xx.o(.text)
    CAN1_RX0_IRQHandler                      0x080001bb   Thumb Code     0  startup_stm32f407xx.o(.text)
    CAN1_RX1_IRQHandler                      0x080001bb   Thumb Code     0  startup_stm32f407xx.o(.text)
    CAN1_SCE_IRQHandler                      0x080001bb   Thumb Code     0  startup_stm32f407xx.o(.text)
    CAN1_TX_IRQHandler                       0x080001bb   Thumb Code     0  startup_stm32f407xx.o(.text)
    CAN2_RX0_IRQHandler                      0x080001bb   Thumb Code     0  startup_stm32f407xx.o(.text)
    CAN2_RX1_IRQHandler                      0x080001bb   Thumb Code     0  startup_stm32f407xx.o(.text)
    CAN2_SCE_IRQHandler                      0x080001bb   Thumb Code     0  startup_stm32f407xx.o(.text)
    CAN2_TX_IRQHandler                       0x080001bb   Thumb Code     0  startup_stm32f407xx.o(.text)
    DCMI_IRQHandler                          0x080001bb   Thumb Code     0  startup_stm32f407xx.o(.text)
    DMA1_Stream0_IRQHandler                  0x080001bb   Thumb Code     0  startup_stm32f407xx.o(.text)
    DMA1_Stream1_IRQHandler                  0x080001bb   Thumb Code     0  startup_stm32f407xx.o(.text)
    DMA1_Stream2_IRQHandler                  0x080001bb   Thumb Code     0  startup_stm32f407xx.o(.text)
    DMA1_Stream4_IRQHandler                  0x080001bb   Thumb Code     0  startup_stm32f407xx.o(.text)
    DMA1_Stream5_IRQHandler                  0x080001bb   Thumb Code     0  startup_stm32f407xx.o(.text)
    DMA1_Stream6_IRQHandler                  0x080001bb   Thumb Code     0  startup_stm32f407xx.o(.text)
    DMA2_Stream0_IRQHandler                  0x080001bb   Thumb Code     0  startup_stm32f407xx.o(.text)
    DMA2_Stream1_IRQHandler                  0x080001bb   Thumb Code     0  startup_stm32f407xx.o(.text)
    DMA2_Stream3_IRQHandler                  0x080001bb   Thumb Code     0  startup_stm32f407xx.o(.text)
    DMA2_Stream4_IRQHandler                  0x080001bb   Thumb Code     0  startup_stm32f407xx.o(.text)
    DMA2_Stream5_IRQHandler                  0x080001bb   Thumb Code     0  startup_stm32f407xx.o(.text)
    DMA2_Stream6_IRQHandler                  0x080001bb   Thumb Code     0  startup_stm32f407xx.o(.text)
    DMA2_Stream7_IRQHandler                  0x080001bb   Thumb Code     0  startup_stm32f407xx.o(.text)
    ETH_IRQHandler                           0x080001bb   Thumb Code     0  startup_stm32f407xx.o(.text)
    ETH_WKUP_IRQHandler                      0x080001bb   Thumb Code     0  startup_stm32f407xx.o(.text)
    EXTI15_10_IRQHandler                     0x080001bb   Thumb Code     0  startup_stm32f407xx.o(.text)
    EXTI1_IRQHandler                         0x080001bb   Thumb Code     0  startup_stm32f407xx.o(.text)
    EXTI2_IRQHandler                         0x080001bb   Thumb Code     0  startup_stm32f407xx.o(.text)
    EXTI3_IRQHandler                         0x080001bb   Thumb Code     0  startup_stm32f407xx.o(.text)
    EXTI4_IRQHandler                         0x080001bb   Thumb Code     0  startup_stm32f407xx.o(.text)
    EXTI9_5_IRQHandler                       0x080001bb   Thumb Code     0  startup_stm32f407xx.o(.text)
    FLASH_IRQHandler                         0x080001bb   Thumb Code     0  startup_stm32f407xx.o(.text)
    FMC_IRQHandler                           0x080001bb   Thumb Code     0  startup_stm32f407xx.o(.text)
    FPU_IRQHandler                           0x080001bb   Thumb Code     0  startup_stm32f407xx.o(.text)
    HASH_RNG_IRQHandler                      0x080001bb   Thumb Code     0  startup_stm32f407xx.o(.text)
    I2C1_ER_IRQHandler                       0x080001bb   Thumb Code     0  startup_stm32f407xx.o(.text)
    I2C1_EV_IRQHandler                       0x080001bb   Thumb Code     0  startup_stm32f407xx.o(.text)
    I2C2_ER_IRQHandler                       0x080001bb   Thumb Code     0  startup_stm32f407xx.o(.text)
    I2C2_EV_IRQHandler                       0x080001bb   Thumb Code     0  startup_stm32f407xx.o(.text)
    I2C3_ER_IRQHandler                       0x080001bb   Thumb Code     0  startup_stm32f407xx.o(.text)
    I2C3_EV_IRQHandler                       0x080001bb   Thumb Code     0  startup_stm32f407xx.o(.text)
    OTG_FS_IRQHandler                        0x080001bb   Thumb Code     0  startup_stm32f407xx.o(.text)
    OTG_FS_WKUP_IRQHandler                   0x080001bb   Thumb Code     0  startup_stm32f407xx.o(.text)
    OTG_HS_EP1_IN_IRQHandler                 0x080001bb   Thumb Code     0  startup_stm32f407xx.o(.text)
    OTG_HS_EP1_OUT_IRQHandler                0x080001bb   Thumb Code     0  startup_stm32f407xx.o(.text)
    OTG_HS_IRQHandler                        0x080001bb   Thumb Code     0  startup_stm32f407xx.o(.text)
    OTG_HS_WKUP_IRQHandler                   0x080001bb   Thumb Code     0  startup_stm32f407xx.o(.text)
    PVD_IRQHandler                           0x080001bb   Thumb Code     0  startup_stm32f407xx.o(.text)
    RCC_IRQHandler                           0x080001bb   Thumb Code     0  startup_stm32f407xx.o(.text)
    RTC_Alarm_IRQHandler                     0x080001bb   Thumb Code     0  startup_stm32f407xx.o(.text)
    RTC_WKUP_IRQHandler                      0x080001bb   Thumb Code     0  startup_stm32f407xx.o(.text)
    SDIO_IRQHandler                          0x080001bb   Thumb Code     0  startup_stm32f407xx.o(.text)
    SPI1_IRQHandler                          0x080001bb   Thumb Code     0  startup_stm32f407xx.o(.text)
    SPI2_IRQHandler                          0x080001bb   Thumb Code     0  startup_stm32f407xx.o(.text)
    SPI3_IRQHandler                          0x080001bb   Thumb Code     0  startup_stm32f407xx.o(.text)
    TAMP_STAMP_IRQHandler                    0x080001bb   Thumb Code     0  startup_stm32f407xx.o(.text)
    TIM1_BRK_TIM9_IRQHandler                 0x080001bb   Thumb Code     0  startup_stm32f407xx.o(.text)
    TIM1_CC_IRQHandler                       0x080001bb   Thumb Code     0  startup_stm32f407xx.o(.text)
    TIM1_TRG_COM_TIM11_IRQHandler            0x080001bb   Thumb Code     0  startup_stm32f407xx.o(.text)
    TIM1_UP_TIM10_IRQHandler                 0x080001bb   Thumb Code     0  startup_stm32f407xx.o(.text)
    TIM2_IRQHandler                          0x080001bb   Thumb Code     0  startup_stm32f407xx.o(.text)
    TIM3_IRQHandler                          0x080001bb   Thumb Code     0  startup_stm32f407xx.o(.text)
    TIM4_IRQHandler                          0x080001bb   Thumb Code     0  startup_stm32f407xx.o(.text)
    TIM5_IRQHandler                          0x080001bb   Thumb Code     0  startup_stm32f407xx.o(.text)
    TIM6_DAC_IRQHandler                      0x080001bb   Thumb Code     0  startup_stm32f407xx.o(.text)
    TIM7_IRQHandler                          0x080001bb   Thumb Code     0  startup_stm32f407xx.o(.text)
    TIM8_BRK_TIM12_IRQHandler                0x080001bb   Thumb Code     0  startup_stm32f407xx.o(.text)
    TIM8_CC_IRQHandler                       0x080001bb   Thumb Code     0  startup_stm32f407xx.o(.text)
    TIM8_TRG_COM_TIM14_IRQHandler            0x080001bb   Thumb Code     0  startup_stm32f407xx.o(.text)
    TIM8_UP_TIM13_IRQHandler                 0x080001bb   Thumb Code     0  startup_stm32f407xx.o(.text)
    UART4_IRQHandler                         0x080001bb   Thumb Code     0  startup_stm32f407xx.o(.text)
    UART5_IRQHandler                         0x080001bb   Thumb Code     0  startup_stm32f407xx.o(.text)
    USART2_IRQHandler                        0x080001bb   Thumb Code     0  startup_stm32f407xx.o(.text)
    USART3_IRQHandler                        0x080001bb   Thumb Code     0  startup_stm32f407xx.o(.text)
    USART6_IRQHandler                        0x080001bb   Thumb Code     0  startup_stm32f407xx.o(.text)
    WWDG_IRQHandler                          0x080001bb   Thumb Code     0  startup_stm32f407xx.o(.text)
    __aeabi_uldivmod                         0x080001c5   Thumb Code    98  uldiv.o(.text)
    __aeabi_memcpy                           0x08000227   Thumb Code    36  memcpya.o(.text)
    __aeabi_memcpy4                          0x08000227   Thumb Code     0  memcpya.o(.text)
    __aeabi_memcpy8                          0x08000227   Thumb Code     0  memcpya.o(.text)
    __aeabi_memset                           0x0800024b   Thumb Code    14  memseta.o(.text)
    __aeabi_memset4                          0x0800024b   Thumb Code     0  memseta.o(.text)
    __aeabi_memset8                          0x0800024b   Thumb Code     0  memseta.o(.text)
    __aeabi_memclr                           0x08000259   Thumb Code     4  memseta.o(.text)
    __aeabi_memclr4                          0x08000259   Thumb Code     0  memseta.o(.text)
    __aeabi_memclr8                          0x08000259   Thumb Code     0  memseta.o(.text)
    _memset$wrapper                          0x0800025d   Thumb Code    18  memseta.o(.text)
    strlen                                   0x0800026f   Thumb Code    14  strlen.o(.text)
    __aeabi_dadd                             0x0800027d   Thumb Code   322  dadd.o(.text)
    __aeabi_dsub                             0x080003bf   Thumb Code     6  dadd.o(.text)
    __aeabi_drsub                            0x080003c5   Thumb Code     6  dadd.o(.text)
    __aeabi_i2d                              0x080003cb   Thumb Code    34  dflti.o(.text)
    __aeabi_d2uiz                            0x080003ed   Thumb Code    50  dfixui.o(.text)
    __aeabi_uidiv                            0x0800041f   Thumb Code     0  uidiv.o(.text)
    __aeabi_uidivmod                         0x0800041f   Thumb Code    44  uidiv.o(.text)
    __aeabi_llsl                             0x0800044b   Thumb Code    30  llshl.o(.text)
    _ll_shift_l                              0x0800044b   Thumb Code     0  llshl.o(.text)
    __aeabi_llsr                             0x08000469   Thumb Code    32  llushr.o(.text)
    _ll_ushift_r                             0x08000469   Thumb Code     0  llushr.o(.text)
    __aeabi_lasr                             0x08000489   Thumb Code    36  llsshr.o(.text)
    _ll_sshift_r                             0x08000489   Thumb Code     0  llsshr.o(.text)
    __I$use$fp                               0x080004ad   Thumb Code     0  iusefp.o(.text)
    _frnd                                    0x080004ad   Thumb Code    60  frnd.o(.text)
    _double_round                            0x080004e9   Thumb Code    30  depilogue.o(.text)
    _double_epilogue                         0x08000507   Thumb Code   156  depilogue.o(.text)
    __aeabi_dmul                             0x080005a3   Thumb Code   228  dmul.o(.text)
    __aeabi_ddiv                             0x08000687   Thumb Code   222  ddiv.o(.text)
    __aeabi_d2ulz                            0x08000765   Thumb Code    48  dfixul.o(.text)
    __aeabi_cdrcmple                         0x08000795   Thumb Code    48  cdrcmple.o(.text)
    __fp_status                              0x080007c5   Thumb Code     4  fpstat.o(.text)
    __ieee_status                            0x080007c5   Thumb Code     0  fpstat.o(.text)
    __scatterload                            0x080007c9   Thumb Code    28  init.o(.text)
    __scatterload_rt2                        0x080007c9   Thumb Code     0  init.o(.text)
    _float_round                             0x080007ed   Thumb Code    18  fepilogue.o(.text)
    _float_epilogue                          0x080007ff   Thumb Code    92  fepilogue.o(.text)
    __decompress                             0x0800085b   Thumb Code     0  __dclz77c.o(.text)
    __decompress2                            0x0800085b   Thumb Code    94  __dclz77c.o(.text)
    arm_abs_f32                              0x080008b9   Thumb Code   106  arm_abs_f32.o(.text.arm_abs_f32)
    arm_bitreversal_32                       0x08000925   Thumb Code    68  arm_bitreversal2.o(.text.arm_bitreversal_32)
    arm_cfft_f32                             0x08000969   Thumb Code   224  arm_cfft_f32.o(.text.arm_cfft_f32)
    arm_cfft_init_f32                        0x08000a49   Thumb Code   180  arm_cfft_init_f32.o(.text.arm_cfft_init_f32)
    arm_cfft_radix8by2_f32                   0x08000afd   Thumb Code   408  arm_cfft_f32.o(.text.arm_cfft_radix8by2_f32)
    arm_cfft_radix8by4_f32                   0x08000c95   Thumb Code  1020  arm_cfft_f32.o(.text.arm_cfft_radix8by4_f32)
    arm_cmplx_mag_squared_f32                0x08001091   Thumb Code   178  arm_cmplx_mag_squared_f32.o(.text.arm_cmplx_mag_squared_f32)
    arm_copy_f32                             0x08001145   Thumb Code    70  arm_copy_f32.o(.text.arm_copy_f32)
    arm_mat_init_f32                         0x0800118b   Thumb Code     8  arm_mat_init_f32.o(.text.arm_mat_init_f32)
    arm_mat_mult_f32                         0x08001195   Thumb Code   296  arm_mat_mult_f32.o(.text.arm_mat_mult_f32)
    arm_mat_trans_f32                        0x080012bd   Thumb Code   162  arm_mat_trans_f32.o(.text.arm_mat_trans_f32)
    arm_mean_f32                             0x08001361   Thumb Code   120  arm_mean_f32.o(.text.arm_mean_f32)
    arm_min_f32                              0x080013d9   Thumb Code   188  arm_min_f32.o(.text.arm_min_f32)
    arm_mult_f32                             0x08001495   Thumb Code   142  arm_mult_f32.o(.text.arm_mult_f32)
    arm_power_f32                            0x08001525   Thumb Code   128  arm_power_f32.o(.text.arm_power_f32)
    arm_radix8_butterfly_f32                 0x080015a5   Thumb Code  1458  arm_cfft_radix8_f32.o(.text.arm_radix8_butterfly_f32)
    arm_rfft_fast_f32                        0x08001c99   Thumb Code    70  arm_rfft_fast_f32.o(.text.arm_rfft_fast_f32)
    arm_rfft_fast_init_f32                   0x08001cdf   Thumb Code   144  arm_rfft_fast_init_f32.o(.text.arm_rfft_fast_init_f32)
    arm_sub_f32                              0x08001d71   Thumb Code   142  arm_sub_f32.o(.text.arm_sub_f32)
    merge_rfft_f32                           0x08001e01   Thumb Code   180  arm_rfft_fast_f32.o(.text.merge_rfft_f32)
    stage_rfft_f32                           0x08001eb5   Thumb Code   180  arm_rfft_fast_f32.o(.text.stage_rfft_f32)
    AudioRecord                              0x08001f69   Thumb Code   506  audio_record.o(i.AudioRecord)
    BSP_AUDIO_IN_ClockConfig                 0x080021a1   Thumb Code    46  stm32f4_discovery_audio.o(i.BSP_AUDIO_IN_ClockConfig)
    BSP_AUDIO_IN_Error_Callback              0x080021cf   Thumb Code     4  audio_record.o(i.BSP_AUDIO_IN_Error_Callback)
    BSP_AUDIO_IN_HalfTransfer_CallBack       0x080021d5   Thumb Code     8  audio_record.o(i.BSP_AUDIO_IN_HalfTransfer_CallBack)
    BSP_AUDIO_IN_Init                        0x080021e1   Thumb Code    58  stm32f4_discovery_audio.o(i.BSP_AUDIO_IN_Init)
    BSP_AUDIO_IN_MspInit                     0x08002225   Thumb Code   214  stm32f4_discovery_audio.o(i.BSP_AUDIO_IN_MspInit)
    BSP_AUDIO_IN_PDMToPCM                    0x08002315   Thumb Code    80  stm32f4_discovery_audio.o(i.BSP_AUDIO_IN_PDMToPCM)
    BSP_AUDIO_IN_Record                      0x08002369   Thumb Code    16  stm32f4_discovery_audio.o(i.BSP_AUDIO_IN_Record)
    BSP_AUDIO_IN_Stop                        0x0800237d   Thumb Code    12  stm32f4_discovery_audio.o(i.BSP_AUDIO_IN_Stop)
    BSP_AUDIO_IN_TransferComplete_CallBack   0x0800238d   Thumb Code     8  audio_record.o(i.BSP_AUDIO_IN_TransferComplete_CallBack)
    BSP_AUDIO_OUT_ChangeBuffer               0x08002399   Thumb Code    10  stm32f4_discovery_audio.o(i.BSP_AUDIO_OUT_ChangeBuffer)
    BSP_AUDIO_OUT_Error_CallBack             0x080023a9   Thumb Code     2  stm32f4_discovery_audio.o(i.BSP_AUDIO_OUT_Error_CallBack)
    BSP_AUDIO_OUT_HalfTransfer_CallBack      0x080023ab   Thumb Code     2  stm32f4_discovery_audio.o(i.BSP_AUDIO_OUT_HalfTransfer_CallBack)
    BSP_AUDIO_OUT_Play                       0x080023ad   Thumb Code    54  stm32f4_discovery_audio.o(i.BSP_AUDIO_OUT_Play)
    BSP_AUDIO_OUT_TransferComplete_CallBack  0x080023ed   Thumb Code    92  audio_record.o(i.BSP_AUDIO_OUT_TransferComplete_CallBack)
    BSP_LED_Init                             0x08002451   Thumb Code    86  stm32f4_discovery.o(i.BSP_LED_Init)
    BSP_LED_Off                              0x080024b5   Thumb Code    18  stm32f4_discovery.o(i.BSP_LED_Off)
    BSP_LED_On                               0x080024d1   Thumb Code    18  stm32f4_discovery.o(i.BSP_LED_On)
    BSP_PB_GetState                          0x080024ed   Thumb Code    16  stm32f4_discovery.o(i.BSP_PB_GetState)
    BSP_PB_Init                              0x08002505   Thumb Code   112  stm32f4_discovery.o(i.BSP_PB_Init)
    BusFault_Handler                         0x08002585   Thumb Code     2  stm32f4xx_it.o(i.BusFault_Handler)
    CRC_Lock                                 0x08002589   Thumb Code    82  stm32_crc_lock.o(i.CRC_Lock)
    DMA1_Stream3_IRQHandler                  0x080043a1   Thumb Code     8  stm32f4xx_it.o(i.DMA1_Stream3_IRQHandler)
    DMA1_Stream7_IRQHandler                  0x080043ad   Thumb Code     8  stm32f4xx_it.o(i.DMA1_Stream7_IRQHandler)
    DMA2_Stream2_IRQHandler                  0x080043b9   Thumb Code     6  stm32f4xx_it.o(i.DMA2_Stream2_IRQHandler)
    DebugMon_Handler                         0x080044d9   Thumb Code     2  stm32f4xx_it.o(i.DebugMon_Handler)
    EXTI0_IRQHandler                         0x080044db   Thumb Code     6  stm32f4xx_it.o(i.EXTI0_IRQHandler)
    Error_Handler                            0x080044e1   Thumb Code     8  main.o(i.Error_Handler)
    HAL_DMA_Abort                            0x080044e9   Thumb Code   142  stm32f4xx_hal_dma.o(i.HAL_DMA_Abort)
    HAL_DMA_Abort_IT                         0x08004577   Thumb Code    36  stm32f4xx_hal_dma.o(i.HAL_DMA_Abort_IT)
    HAL_DMA_DeInit                           0x0800459b   Thumb Code    98  stm32f4xx_hal_dma.o(i.HAL_DMA_DeInit)
    HAL_DMA_IRQHandler                       0x080045fd   Thumb Code   412  stm32f4xx_hal_dma.o(i.HAL_DMA_IRQHandler)
    HAL_DMA_Init                             0x0800479d   Thumb Code   206  stm32f4xx_hal_dma.o(i.HAL_DMA_Init)
    HAL_DMA_Start_IT                         0x08004871   Thumb Code   110  stm32f4xx_hal_dma.o(i.HAL_DMA_Start_IT)
    HAL_Delay                                0x080048e1   Thumb Code    32  stm32f4xx_hal.o(i.HAL_Delay)
    HAL_GPIO_EXTI_Callback                   0x08004905   Thumb Code    42  main.o(i.HAL_GPIO_EXTI_Callback)
    HAL_GPIO_EXTI_IRQHandler                 0x08004935   Thumb Code    18  stm32f4xx_hal_gpio.o(i.HAL_GPIO_EXTI_IRQHandler)
    HAL_GPIO_Init                            0x0800494d   Thumb Code   394  stm32f4xx_hal_gpio.o(i.HAL_GPIO_Init)
    HAL_GPIO_ReadPin                         0x08004b05   Thumb Code    10  stm32f4xx_hal_gpio.o(i.HAL_GPIO_ReadPin)
    HAL_GPIO_WritePin                        0x08004b0f   Thumb Code    10  stm32f4xx_hal_gpio.o(i.HAL_GPIO_WritePin)
    HAL_GetTick                              0x08004b19   Thumb Code     6  stm32f4xx_hal.o(i.HAL_GetTick)
    HAL_I2C_Init                             0x08004b25   Thumb Code   376  stm32f4xx_hal_i2c.o(i.HAL_I2C_Init)
    HAL_I2C_MspInit                          0x08004cad   Thumb Code   118  stm32f4xx_hal_msp.o(i.HAL_I2C_MspInit)
    HAL_I2SEx_FullDuplex_IRQHandler          0x08004d35   Thumb Code   492  stm32f4xx_hal_i2s_ex.o(i.HAL_I2SEx_FullDuplex_IRQHandler)
    HAL_I2SEx_TxRxCpltCallback               0x08004f29   Thumb Code     2  stm32f4xx_hal_i2s_ex.o(i.HAL_I2SEx_TxRxCpltCallback)
    HAL_I2S_DMAStop                          0x08004f2d   Thumb Code   568  stm32f4xx_hal_i2s.o(i.HAL_I2S_DMAStop)
    HAL_I2S_ErrorCallback                    0x0800516d   Thumb Code    30  stm32f4_discovery_audio.o(i.HAL_I2S_ErrorCallback)
    HAL_I2S_GetState                         0x08005195   Thumb Code     6  stm32f4xx_hal_i2s.o(i.HAL_I2S_GetState)
    HAL_I2S_Init                             0x0800519d   Thumb Code   354  stm32f4xx_hal_i2s.o(i.HAL_I2S_Init)
    HAL_I2S_MspInit                          0x08005311   Thumb Code   150  stm32f4xx_hal_msp.o(i.HAL_I2S_MspInit)
    HAL_I2S_Receive_DMA                      0x080053b9   Thumb Code   198  stm32f4xx_hal_i2s.o(i.HAL_I2S_Receive_DMA)
    HAL_I2S_RxCpltCallback                   0x0800548d   Thumb Code     8  stm32f4_discovery_audio.o(i.HAL_I2S_RxCpltCallback)
    HAL_I2S_RxHalfCpltCallback               0x08005495   Thumb Code     8  stm32f4_discovery_audio.o(i.HAL_I2S_RxHalfCpltCallback)
    HAL_I2S_Transmit_DMA                     0x0800549d   Thumb Code   180  stm32f4xx_hal_i2s.o(i.HAL_I2S_Transmit_DMA)
    HAL_I2S_TxCpltCallback                   0x0800555d   Thumb Code    16  stm32f4_discovery_audio.o(i.HAL_I2S_TxCpltCallback)
    HAL_I2S_TxHalfCpltCallback               0x08005571   Thumb Code    16  stm32f4_discovery_audio.o(i.HAL_I2S_TxHalfCpltCallback)
    HAL_IncTick                              0x08005585   Thumb Code    12  stm32f4xx_hal.o(i.HAL_IncTick)
    HAL_Init                                 0x08005595   Thumb Code    48  stm32f4xx_hal.o(i.HAL_Init)
    HAL_InitTick                             0x080055c9   Thumb Code    54  stm32f4xx_hal.o(i.HAL_InitTick)
    HAL_MspInit                              0x08005609   Thumb Code    42  stm32f4xx_hal_msp.o(i.HAL_MspInit)
    HAL_NVIC_EnableIRQ                       0x08005639   Thumb Code    26  stm32f4xx_hal_cortex.o(i.HAL_NVIC_EnableIRQ)
    HAL_NVIC_SetPriority                     0x08005655   Thumb Code    60  stm32f4xx_hal_cortex.o(i.HAL_NVIC_SetPriority)
    HAL_NVIC_SetPriorityGrouping             0x08005695   Thumb Code    26  stm32f4xx_hal_cortex.o(i.HAL_NVIC_SetPriorityGrouping)
    HAL_RCCEx_GetPeriphCLKConfig             0x080056b9   Thumb Code    48  stm32f4xx_hal_rcc_ex.o(i.HAL_RCCEx_GetPeriphCLKConfig)
    HAL_RCCEx_GetPeriphCLKFreq               0x080056ed   Thumb Code    76  stm32f4xx_hal_rcc_ex.o(i.HAL_RCCEx_GetPeriphCLKFreq)
    HAL_RCCEx_PeriphCLKConfig                0x08005749   Thumb Code   296  stm32f4xx_hal_rcc_ex.o(i.HAL_RCCEx_PeriphCLKConfig)
    HAL_RCC_ClockConfig                      0x08005885   Thumb Code   288  stm32f4xx_hal_rcc.o(i.HAL_RCC_ClockConfig)
    HAL_RCC_GetHCLKFreq                      0x080059b9   Thumb Code     6  stm32f4xx_hal_rcc.o(i.HAL_RCC_GetHCLKFreq)
    HAL_RCC_GetPCLK1Freq                     0x080059c5   Thumb Code    20  stm32f4xx_hal_rcc.o(i.HAL_RCC_GetPCLK1Freq)
    HAL_RCC_GetPCLK2Freq                     0x080059e5   Thumb Code    20  stm32f4xx_hal_rcc.o(i.HAL_RCC_GetPCLK2Freq)
    HAL_RCC_GetSysClockFreq                  0x08005a05   Thumb Code    88  stm32f4xx_hal_rcc.o(i.HAL_RCC_GetSysClockFreq)
    HAL_RCC_OscConfig                        0x08005a65   Thumb Code   840  stm32f4xx_hal_rcc.o(i.HAL_RCC_OscConfig)
    HAL_SPI_Init                             0x08005dc1   Thumb Code   128  stm32f4xx_hal_spi.o(i.HAL_SPI_Init)
    HAL_SPI_MspInit                          0x08005e41   Thumb Code    92  stm32f4xx_hal_msp.o(i.HAL_SPI_MspInit)
    HAL_SYSTICK_Config                       0x08005ea9   Thumb Code    40  stm32f4xx_hal_cortex.o(i.HAL_SYSTICK_Config)
    HAL_UART_ErrorCallback                   0x08005ed1   Thumb Code     2  stm32f4xx_hal_uart.o(i.HAL_UART_ErrorCallback)
    HAL_UART_IRQHandler                      0x08005ed5   Thumb Code   270  stm32f4xx_hal_uart.o(i.HAL_UART_IRQHandler)
    HAL_UART_Init                            0x08005fe9   Thumb Code    98  stm32f4xx_hal_uart.o(i.HAL_UART_Init)
    HAL_UART_MspInit                         0x0800604d   Thumb Code   162  stm32f4xx_hal_msp.o(i.HAL_UART_MspInit)
    HAL_UART_Receive_DMA                     0x08006105   Thumb Code   138  stm32f4xx_hal_uart.o(i.HAL_UART_Receive_DMA)
    HAL_UART_RxCpltCallback                  0x0800619d   Thumb Code   100  main.o(i.HAL_UART_RxCpltCallback)
    HAL_UART_RxHalfCpltCallback              0x08006209   Thumb Code     2  stm32f4xx_hal_uart.o(i.HAL_UART_RxHalfCpltCallback)
    HAL_UART_TxCpltCallback                  0x0800620b   Thumb Code     2  stm32f4xx_hal_uart.o(i.HAL_UART_TxCpltCallback)
    HardFault_Handler                        0x0800620d   Thumb Code     2  stm32f4xx_it.o(i.HardFault_Handler)
    MemManage_Handler                        0x08006709   Thumb Code     2  stm32f4xx_it.o(i.MemManage_Handler)
    NMI_Handler                              0x0800670b   Thumb Code     2  stm32f4xx_it.o(i.NMI_Handler)
    Off_Leds                                 0x0800670d   Thumb Code    30  main.o(i.Off_Leds)
    PDM_Filter                               0x080067b1   Thumb Code    40  pdm_filter.o(i.PDM_Filter)
    PDM_Filter_Init                          0x080067dd   Thumb Code   280  pdm_filter.o(i.PDM_Filter_Init)
    PDM_Filter_setConfig                     0x08006909   Thumb Code   442  pdm_filter.o(i.PDM_Filter_setConfig)
    PendSV_Handler                           0x08006b19   Thumb Code     2  stm32f4xx_it.o(i.PendSV_Handler)
    SVC_Handler                              0x08006b1b   Thumb Code     2  stm32f4xx_it.o(i.SVC_Handler)
    SysTick_Handler                          0x08006b1d   Thumb Code     4  stm32f4xx_it.o(i.SysTick_Handler)
    SystemClock_Config                       0x08006b21   Thumb Code   162  main.o(i.SystemClock_Config)
    SystemInit                               0x08006bcd   Thumb Code    22  system_stm32f4xx.o(i.SystemInit)
    USART1_IRQHandler                        0x08006ed9   Thumb Code     6  stm32f4xx_it.o(i.USART1_IRQHandler)
    UsageFault_Handler                       0x08006ee5   Thumb Code     2  stm32f4xx_it.o(i.UsageFault_Handler)
    __0printf                                0x08006ee9   Thumb Code    22  printfa.o(i.__0printf)
    __1printf                                0x08006ee9   Thumb Code     0  printfa.o(i.__0printf)
    __2printf                                0x08006ee9   Thumb Code     0  printfa.o(i.__0printf)
    __c89printf                              0x08006ee9   Thumb Code     0  printfa.o(i.__0printf)
    printf                                   0x08006ee9   Thumb Code     0  printfa.o(i.__0printf)
    __0vsprintf                              0x08006f09   Thumb Code    30  printfa.o(i.__0vsprintf)
    __1vsprintf                              0x08006f09   Thumb Code     0  printfa.o(i.__0vsprintf)
    __2vsprintf                              0x08006f09   Thumb Code     0  printfa.o(i.__0vsprintf)
    __c89vsprintf                            0x08006f09   Thumb Code     0  printfa.o(i.__0vsprintf)
    vsprintf                                 0x08006f09   Thumb Code     0  printfa.o(i.__0vsprintf)
    __ARM_fpclassifyf                        0x08006f2d   Thumb Code    38  fpclassifyf.o(i.__ARM_fpclassifyf)
    __hardfp_cosf                            0x08006f75   Thumb Code   280  cosf.o(i.__hardfp_cosf)
    __hardfp_floor                           0x080070c9   Thumb Code   252  floor.o(i.__hardfp_floor)
    __hardfp_logf                            0x080071e1   Thumb Code   320  logf.o(i.__hardfp_logf)
    __mathlib_logf                           0x080071e1   Thumb Code     0  logf.o(i.__hardfp_logf)
    __hardfp_powf                            0x0800734d   Thumb Code  1606  powf.o(i.__hardfp_powf)
    __mathlib_powf                           0x0800734d   Thumb Code     0  powf.o(i.__hardfp_powf)
    __hardfp_roundf                          0x080079b1   Thumb Code   154  roundf.o(i.__hardfp_roundf)
    __hardfp_sqrtf                           0x08007a4b   Thumb Code    58  sqrtf.o(i.__hardfp_sqrtf)
    __mathlib_flt_divzero                    0x08007a85   Thumb Code    14  funder.o(i.__mathlib_flt_divzero)
    __mathlib_flt_infnan                     0x08007a99   Thumb Code     6  funder.o(i.__mathlib_flt_infnan)
    __mathlib_flt_infnan2                    0x08007a9f   Thumb Code     6  funder.o(i.__mathlib_flt_infnan2)
    __mathlib_flt_invalid                    0x08007aa5   Thumb Code    10  funder.o(i.__mathlib_flt_invalid)
    __mathlib_flt_overflow                   0x08007ab5   Thumb Code    10  funder.o(i.__mathlib_flt_overflow)
    __mathlib_flt_underflow                  0x08007ac5   Thumb Code    10  funder.o(i.__mathlib_flt_underflow)
    __mathlib_rredf2                         0x08007ad5   Thumb Code   316  rredf.o(i.__mathlib_rredf2)
    __scatterload_copy                       0x08007c29   Thumb Code    14  handlers.o(i.__scatterload_copy)
    __scatterload_null                       0x08007c37   Thumb Code     2  handlers.o(i.__scatterload_null)
    __scatterload_zeroinit                   0x08007c39   Thumb Code    14  handlers.o(i.__scatterload_zeroinit)
    __set_errno                              0x08007c49   Thumb Code     6  errno.o(i.__set_errno)
    blink_rgb                                0x080084f1   Thumb Code    60  main.o(i.blink_rgb)
    block_frames                             0x0800852d   Thumb Code   270  dsp.o(i.block_frames)
    check_pass                               0x08008649   Thumb Code    12  dsp.o(i.check_pass)
    check_voice                              0x08008655   Thumb Code   142  dsp.o(i.check_voice)
    dct_log_transform                        0x08008731   Thumb Code   180  dsp.o(i.dct_log_transform)
    euclidean                                0x080087ed   Thumb Code   118  dsp.o(i.euclidean)
    fputc                                    0x08008869   Thumb Code    36  main.o(i.fputc)
    free                                     0x08008891   Thumb Code    76  malloc.o(i.free)
    lcd16x2_clear                            0x080088e1   Thumb Code    18  lcd16x2.o(i.lcd16x2_clear)
    lcd16x2_init_4bits                       0x08008921   Thumb Code   138  lcd16x2.o(i.lcd16x2_init_4bits)
    lcd16x2_printf                           0x080089b1   Thumb Code    62  lcd16x2.o(i.lcd16x2_printf)
    lcd16x2_setCursor                        0x08008a01   Thumb Code    22  lcd16x2.o(i.lcd16x2_setCursor)
    main                                     0x08008b4d   Thumb Code   474  main.o(i.main)
    malloc                                   0x08008dc5   Thumb Code    92  malloc.o(i.malloc)
    mfcc                                     0x08008e31   Thumb Code   256  dsp.o(i.mfcc)
    remove_copy                              0x08008f31   Thumb Code    28  dsp.o(i.remove_copy)
    toggle_leds_rgb                          0x08008f4d   Thumb Code   146  main.o(i.toggle_leds_rgb)
    toggle_relay                             0x08008fe9   Thumb Code    54  main.o(i.toggle_relay)
    voice_compare                            0x08009025   Thumb Code   256  dsp.o(i.voice_compare)
    voice_recognition                        0x08009129   Thumb Code   310  dsp.o(i.voice_recognition)
    word_string                              0x080092e0   Data         110  dsp_coeffs.o(.constdata)
    HamWindow                                0x08009350   Data        1024  dsp_coeffs.o(.constdata)
    MelFb                                    0x08009750   Data       10320  dsp_coeffs.o(.constdata)
    Word                                     0x0800bfa0   Data       25600  dsp_coeffs.o(.constdata)
    AHBPrescTable                            0x080123a8   Data          16  system_stm32f4xx.o(.constdata)
    APBPrescTable                            0x080123b8   Data           8  system_stm32f4xx.o(.constdata)
    BUTTON_IRQn                              0x080123c0   Data           1  stm32f4_discovery.o(.constdata)
    BUTTON_PIN                               0x080123c2   Data           2  stm32f4_discovery.o(.constdata)
    GPIO_PIN                                 0x080123c4   Data           8  stm32f4_discovery.o(.constdata)
    armBitRevIndexTable1024                  0x0801256c   Data        3600  arm_common_tables.o(.rodata.armBitRevIndexTable1024)
    armBitRevIndexTable128                   0x0801337c   Data         416  arm_common_tables.o(.rodata.armBitRevIndexTable128)
    armBitRevIndexTable16                    0x0801351c   Data          40  arm_common_tables.o(.rodata.armBitRevIndexTable16)
    armBitRevIndexTable2048                  0x08013544   Data        7616  arm_common_tables.o(.rodata.armBitRevIndexTable2048)
    armBitRevIndexTable256                   0x08015304   Data         880  arm_common_tables.o(.rodata.armBitRevIndexTable256)
    armBitRevIndexTable32                    0x08015674   Data          96  arm_common_tables.o(.rodata.armBitRevIndexTable32)
    armBitRevIndexTable4096                  0x080156d4   Data        8064  arm_common_tables.o(.rodata.armBitRevIndexTable4096)
    armBitRevIndexTable512                   0x08017654   Data         896  arm_common_tables.o(.rodata.armBitRevIndexTable512)
    armBitRevIndexTable64                    0x080179d4   Data         112  arm_common_tables.o(.rodata.armBitRevIndexTable64)
    arm_cfft_sR_f32_len1024                  0x08017a44   Data          16  arm_const_structs.o(.rodata.arm_cfft_sR_f32_len1024)
    arm_cfft_sR_f32_len128                   0x08017a54   Data          16  arm_const_structs.o(.rodata.arm_cfft_sR_f32_len128)
    arm_cfft_sR_f32_len16                    0x08017a64   Data          16  arm_const_structs.o(.rodata.arm_cfft_sR_f32_len16)
    arm_cfft_sR_f32_len2048                  0x08017a74   Data          16  arm_const_structs.o(.rodata.arm_cfft_sR_f32_len2048)
    arm_cfft_sR_f32_len256                   0x08017a84   Data          16  arm_const_structs.o(.rodata.arm_cfft_sR_f32_len256)
    arm_cfft_sR_f32_len32                    0x08017a94   Data          16  arm_const_structs.o(.rodata.arm_cfft_sR_f32_len32)
    arm_cfft_sR_f32_len4096                  0x08017aa4   Data          16  arm_const_structs.o(.rodata.arm_cfft_sR_f32_len4096)
    arm_cfft_sR_f32_len512                   0x08017ab4   Data          16  arm_const_structs.o(.rodata.arm_cfft_sR_f32_len512)
    arm_cfft_sR_f32_len64                    0x08017ac4   Data          16  arm_const_structs.o(.rodata.arm_cfft_sR_f32_len64)
    twiddleCoef_1024                         0x08017ad4   Data        8192  arm_common_tables.o(.rodata.twiddleCoef_1024)
    twiddleCoef_128                          0x08019ad4   Data        1024  arm_common_tables.o(.rodata.twiddleCoef_128)
    twiddleCoef_16                           0x08019ed4   Data         128  arm_common_tables.o(.rodata.twiddleCoef_16)
    twiddleCoef_2048                         0x08019f54   Data       16384  arm_common_tables.o(.rodata.twiddleCoef_2048)
    twiddleCoef_256                          0x0801df54   Data        2048  arm_common_tables.o(.rodata.twiddleCoef_256)
    twiddleCoef_32                           0x0801e754   Data         256  arm_common_tables.o(.rodata.twiddleCoef_32)
    twiddleCoef_4096                         0x0801e854   Data       32768  arm_common_tables.o(.rodata.twiddleCoef_4096)
    twiddleCoef_512                          0x08026854   Data        4096  arm_common_tables.o(.rodata.twiddleCoef_512)
    twiddleCoef_64                           0x08027854   Data         512  arm_common_tables.o(.rodata.twiddleCoef_64)
    twiddleCoef_rfft_1024                    0x08027a54   Data        4096  arm_common_tables.o(.rodata.twiddleCoef_rfft_1024)
    twiddleCoef_rfft_128                     0x08028a54   Data         512  arm_common_tables.o(.rodata.twiddleCoef_rfft_128)
    twiddleCoef_rfft_2048                    0x08028c54   Data        8192  arm_common_tables.o(.rodata.twiddleCoef_rfft_2048)
    twiddleCoef_rfft_256                     0x0802ac54   Data        1024  arm_common_tables.o(.rodata.twiddleCoef_rfft_256)
    twiddleCoef_rfft_32                      0x0802b054   Data         128  arm_common_tables.o(.rodata.twiddleCoef_rfft_32)
    twiddleCoef_rfft_4096                    0x0802b0d4   Data       16384  arm_common_tables.o(.rodata.twiddleCoef_rfft_4096)
    twiddleCoef_rfft_512                     0x0802f0d4   Data        2048  arm_common_tables.o(.rodata.twiddleCoef_rfft_512)
    twiddleCoef_rfft_64                      0x0802f8d4   Data         256  arm_common_tables.o(.rodata.twiddleCoef_rfft_64)
    Region$$Table$$Base                      0x0802f9d4   Number         0  anon$$obj.o(Region$$Table)
    Region$$Table$$Limit                     0x0802f9f4   Number         0  anon$$obj.o(Region$$Table)
    ITCounter                                0x20000000   Data           4  audio_record.o(.data)
    AUDIODataReady                           0x20000004   Data           4  audio_record.o(.data)
    AUDIOBuffOffset                          0x20000008   Data           4  audio_record.o(.data)
    BufferCtl                                0x20000018   Data           8  audio_record.o(.data)
    AudioTotalSize                           0x20000020   Data           4  dsp.o(.data)
    word_id                                  0x20000024   Data          10  dsp_coeffs.o(.data)
    UserPressButton                          0x20000054   Data           1  main.o(.data)
    my_word                                  0x20000055   Data           1  main.o(.data)
    isVoice                                  0x20000056   Data           1  main.o(.data)
    isPass                                   0x20000057   Data           1  main.o(.data)
    isFace                                   0x20000058   Data           1  main.o(.data)
    receive_data                             0x20000060   Data           6  main.o(.data)
    uwTickFreq                               0x20000068   Data           1  stm32f4xx_hal.o(.data)
    uwTickPrio                               0x2000006c   Data           4  stm32f4xx_hal.o(.data)
    uwTick                                   0x20000070   Data           4  stm32f4xx_hal.o(.data)
    SystemCoreClock                          0x20000074   Data           4  system_stm32f4xx.o(.data)
    BUTTON_PORT                              0x20000078   Data           4  stm32f4_discovery.o(.data)
    I2cxTimeout                              0x2000007c   Data           4  stm32f4_discovery.o(.data)
    SpixTimeout                              0x20000080   Data           4  stm32f4_discovery.o(.data)
    GPIO_PORT                                0x20000084   Data          16  stm32f4_discovery.o(.data)
    AudioInVolume                            0x20000094   Data           2  stm32f4_discovery_audio.o(.data)
    __stdout                                 0x200004a0   Data           4  stdout.o(.data)
    __microlib_freelist                      0x200004a4   Data           4  mvars.o(.data)
    __microlib_freelist_initialised          0x200004a8   Data           4  mvars.o(.data)
    hi2c3                                    0x200004b0   Data          84  main.o(.bss)
    hi2s2                                    0x20000504   Data          72  main.o(.bss)
    hspi1                                    0x2000054c   Data          88  main.o(.bss)
    huart1                                   0x200005a4   Data          64  main.o(.bss)
    record                                   0x200005e4   Data       19200  main.o(.bss)
    distance                                 0x200050e4   Data          40  main.o(.bss)
    hdma_usart1_rx                           0x2000510c   Data          96  main.o(.bss)
    hAudioOutI2s                             0x2000522c   Data          72  stm32f4_discovery_audio.o(.bss)
    hAudioInI2s                              0x20005274   Data          72  stm32f4_discovery_audio.o(.bss)
    PDM_FilterHandler                        0x200052bc   Data         152  stm32f4_discovery_audio.o(.bss)
    PDM_FilterConfig                         0x20005354   Data          12  stm32f4_discovery_audio.o(.bss)
    __heap_base                              0x20005360   Data           0  startup_stm32f407xx.o(HEAP)
    __heap_limit                             0x20008360   Data           0  startup_stm32f407xx.o(HEAP)
    __initial_sp                             0x20011360   Data           0  startup_stm32f407xx.o(STACK)



==============================================================================

Memory Map of the image

  Image Entry point : 0x08000189

  Load Region LR_IROM1 (Base: 0x08000000, Size: 0x0002fea4, Max: 0x00100000, ABSOLUTE, COMPRESSED[0x0002fe18])

    Execution Region ER_IROM1 (Base: 0x08000000, Size: 0x0002f9f4, Max: 0x00100000, ABSOLUTE)

    Base Addr    Size         Type   Attr      Idx    E Section Name        Object

    0x08000000   0x00000188   Data   RO            3    RESET               startup_stm32f407xx.o
    0x08000188   0x00000000   Code   RO         4564  * .ARM.Collect$$$$00000000  mc_w.l(entry.o)
    0x08000188   0x00000004   Code   RO         4891    .ARM.Collect$$$$00000001  mc_w.l(entry2.o)
    0x0800018c   0x00000004   Code   RO         4894    .ARM.Collect$$$$00000004  mc_w.l(entry5.o)
    0x08000190   0x00000000   Code   RO         4896    .ARM.Collect$$$$00000008  mc_w.l(entry7b.o)
    0x08000190   0x00000000   Code   RO         4898    .ARM.Collect$$$$0000000A  mc_w.l(entry8b.o)
    0x08000190   0x00000008   Code   RO         4899    .ARM.Collect$$$$0000000B  mc_w.l(entry9a.o)
    0x08000198   0x00000000   Code   RO         4901    .ARM.Collect$$$$0000000D  mc_w.l(entry10a.o)
    0x08000198   0x00000000   Code   RO         4903    .ARM.Collect$$$$0000000F  mc_w.l(entry11a.o)
    0x08000198   0x00000004   Code   RO         4892    .ARM.Collect$$$$00002712  mc_w.l(entry2.o)
    0x0800019c   0x00000004   Code   RO         4078    .rev16_text         libPDMFilter_CM4_Keil_wc16.lib(pdm_filter.o)
    0x080001a0   0x00000024   Code   RO            4    .text               startup_stm32f407xx.o
    0x080001c4   0x00000062   Code   RO         4567    .text               mc_w.l(uldiv.o)
    0x08000226   0x00000024   Code   RO         4569    .text               mc_w.l(memcpya.o)
    0x0800024a   0x00000024   Code   RO         4571    .text               mc_w.l(memseta.o)
    0x0800026e   0x0000000e   Code   RO         4573    .text               mc_w.l(strlen.o)
    0x0800027c   0x0000014e   Code   RO         4866    .text               mf_w.l(dadd.o)
    0x080003ca   0x00000022   Code   RO         4868    .text               mf_w.l(dflti.o)
    0x080003ec   0x00000032   Code   RO         4870    .text               mf_w.l(dfixui.o)
    0x0800041e   0x0000002c   Code   RO         4906    .text               mc_w.l(uidiv.o)
    0x0800044a   0x0000001e   Code   RO         4908    .text               mc_w.l(llshl.o)
    0x08000468   0x00000020   Code   RO         4910    .text               mc_w.l(llushr.o)
    0x08000488   0x00000024   Code   RO         4912    .text               mc_w.l(llsshr.o)
    0x080004ac   0x00000000   Code   RO         4923    .text               mc_w.l(iusefp.o)
    0x080004ac   0x0000003c   Code   RO         4924    .text               mf_w.l(frnd.o)
    0x080004e8   0x000000ba   Code   RO         4926    .text               mf_w.l(depilogue.o)
    0x080005a2   0x000000e4   Code   RO         4928    .text               mf_w.l(dmul.o)
    0x08000686   0x000000de   Code   RO         4930    .text               mf_w.l(ddiv.o)
    0x08000764   0x00000030   Code   RO         4932    .text               mf_w.l(dfixul.o)
    0x08000794   0x00000030   Code   RO         4934    .text               mf_w.l(cdrcmple.o)
    0x080007c4   0x00000004   Code   RO         4936    .text               mf_w.l(fpstat.o)
    0x080007c8   0x00000024   Code   RO         4938    .text               mc_w.l(init.o)
    0x080007ec   0x0000006e   Code   RO         4940    .text               mf_w.l(fepilogue.o)
    0x0800085a   0x0000005e   Code   RO         4950    .text               mc_w.l(__dclz77c.o)
    0x080008b8   0x0000006a   Code   RO         4122    .text.arm_abs_f32   arm_cortexM4lf_math.lib(arm_abs_f32.o)
    0x08000922   0x00000002   PAD
    0x08000924   0x00000044   Code   RO         4407    .text.arm_bitreversal_32  arm_cortexM4lf_math.lib(arm_bitreversal2.o)
    0x08000968   0x000000e0   Code   RO         4266    .text.arm_cfft_f32  arm_cortexM4lf_math.lib(arm_cfft_f32.o)
    0x08000a48   0x000000b4   Code   RO         4276    .text.arm_cfft_init_f32  arm_cortexM4lf_math.lib(arm_cfft_init_f32.o)
    0x08000afc   0x00000198   Code   RO         4262    .text.arm_cfft_radix8by2_f32  arm_cortexM4lf_math.lib(arm_cfft_f32.o)
    0x08000c94   0x000003fc   Code   RO         4264    .text.arm_cfft_radix8by4_f32  arm_cortexM4lf_math.lib(arm_cfft_f32.o)
    0x08001090   0x000000b2   Code   RO         4149    .text.arm_cmplx_mag_squared_f32  arm_cortexM4lf_math.lib(arm_cmplx_mag_squared_f32.o)
    0x08001142   0x00000002   PAD
    0x08001144   0x00000046   Code   RO         4251    .text.arm_copy_f32  arm_cortexM4lf_math.lib(arm_copy_f32.o)
    0x0800118a   0x00000008   Code   RO         4158    .text.arm_mat_init_f32  arm_cortexM4lf_math.lib(arm_mat_init_f32.o)
    0x08001192   0x00000002   PAD
    0x08001194   0x00000128   Code   RO         4166    .text.arm_mat_mult_f32  arm_cortexM4lf_math.lib(arm_mat_mult_f32.o)
    0x080012bc   0x000000a2   Code   RO         4175    .text.arm_mat_trans_f32  arm_cortexM4lf_math.lib(arm_mat_trans_f32.o)
    0x0800135e   0x00000002   PAD
    0x08001360   0x00000078   Code   RO         4224    .text.arm_mean_f32  arm_cortexM4lf_math.lib(arm_mean_f32.o)
    0x080013d8   0x000000bc   Code   RO         4233    .text.arm_min_f32   arm_cortexM4lf_math.lib(arm_min_f32.o)
    0x08001494   0x0000008e   Code   RO         4131    .text.arm_mult_f32  arm_cortexM4lf_math.lib(arm_mult_f32.o)
    0x08001522   0x00000002   PAD
    0x08001524   0x00000080   Code   RO         4242    .text.arm_power_f32  arm_cortexM4lf_math.lib(arm_power_f32.o)
    0x080015a4   0x000005b2   Code   RO         4419    .text.arm_radix8_butterfly_f32  arm_cortexM4lf_math.lib(arm_cfft_radix8_f32.o)
    0x08001b56   0x0000002a   Code   RO         4204    .text.arm_rfft_1024_fast_init_f32  arm_cortexM4lf_math.lib(arm_rfft_fast_init_f32.o)
    0x08001b80   0x00000026   Code   RO         4210    .text.arm_rfft_128_fast_init_f32  arm_cortexM4lf_math.lib(arm_rfft_fast_init_f32.o)
    0x08001ba6   0x0000002a   Code   RO         4202    .text.arm_rfft_2048_fast_init_f32  arm_cortexM4lf_math.lib(arm_rfft_fast_init_f32.o)
    0x08001bd0   0x00000028   Code   RO         4208    .text.arm_rfft_256_fast_init_f32  arm_cortexM4lf_math.lib(arm_rfft_fast_init_f32.o)
    0x08001bf8   0x00000026   Code   RO         4214    .text.arm_rfft_32_fast_init_f32  arm_cortexM4lf_math.lib(arm_rfft_fast_init_f32.o)
    0x08001c1e   0x0000002a   Code   RO         4200    .text.arm_rfft_4096_fast_init_f32  arm_cortexM4lf_math.lib(arm_rfft_fast_init_f32.o)
    0x08001c48   0x0000002a   Code   RO         4206    .text.arm_rfft_512_fast_init_f32  arm_cortexM4lf_math.lib(arm_rfft_fast_init_f32.o)
    0x08001c72   0x00000026   Code   RO         4212    .text.arm_rfft_64_fast_init_f32  arm_cortexM4lf_math.lib(arm_rfft_fast_init_f32.o)
    0x08001c98   0x00000046   Code   RO         4188    .text.arm_rfft_fast_f32  arm_cortexM4lf_math.lib(arm_rfft_fast_f32.o)
    0x08001cde   0x00000090   Code   RO         4198    .text.arm_rfft_fast_init_f32  arm_cortexM4lf_math.lib(arm_rfft_fast_init_f32.o)
    0x08001d6e   0x00000002   PAD
    0x08001d70   0x0000008e   Code   RO         4140    .text.arm_sub_f32   arm_cortexM4lf_math.lib(arm_sub_f32.o)
    0x08001dfe   0x00000002   PAD
    0x08001e00   0x000000b4   Code   RO         4186    .text.merge_rfft_f32  arm_cortexM4lf_math.lib(arm_rfft_fast_f32.o)
    0x08001eb4   0x000000b4   Code   RO         4184    .text.stage_rfft_f32  arm_cortexM4lf_math.lib(arm_rfft_fast_f32.o)
    0x08001f68   0x00000238   Code   RO           13    i.AudioRecord       audio_record.o
    0x080021a0   0x0000002e   Code   RO         3511    i.BSP_AUDIO_IN_ClockConfig  stm32f4_discovery_audio.o
    0x080021ce   0x00000004   Code   RO           14    i.BSP_AUDIO_IN_Error_Callback  audio_record.o
    0x080021d2   0x00000002   PAD
    0x080021d4   0x0000000c   Code   RO           15    i.BSP_AUDIO_IN_HalfTransfer_CallBack  audio_record.o
    0x080021e0   0x00000044   Code   RO         3514    i.BSP_AUDIO_IN_Init  stm32f4_discovery_audio.o
    0x08002224   0x000000f0   Code   RO         3516    i.BSP_AUDIO_IN_MspInit  stm32f4_discovery_audio.o
    0x08002314   0x00000054   Code   RO         3517    i.BSP_AUDIO_IN_PDMToPCM  stm32f4_discovery_audio.o
    0x08002368   0x00000014   Code   RO         3519    i.BSP_AUDIO_IN_Record  stm32f4_discovery_audio.o
    0x0800237c   0x00000010   Code   RO         3522    i.BSP_AUDIO_IN_Stop  stm32f4_discovery_audio.o
    0x0800238c   0x0000000c   Code   RO           16    i.BSP_AUDIO_IN_TransferComplete_CallBack  audio_record.o
    0x08002398   0x00000010   Code   RO         3524    i.BSP_AUDIO_OUT_ChangeBuffer  stm32f4_discovery_audio.o
    0x080023a8   0x00000002   Code   RO         3526    i.BSP_AUDIO_OUT_Error_CallBack  stm32f4_discovery_audio.o
    0x080023aa   0x00000002   Code   RO         3527    i.BSP_AUDIO_OUT_HalfTransfer_CallBack  stm32f4_discovery_audio.o
    0x080023ac   0x00000040   Code   RO         3532    i.BSP_AUDIO_OUT_Play  stm32f4_discovery_audio.o
    0x080023ec   0x00000064   Code   RO           17    i.BSP_AUDIO_OUT_TransferComplete_CallBack  audio_record.o
    0x08002450   0x00000064   Code   RO         3382    i.BSP_LED_Init      stm32f4_discovery.o
    0x080024b4   0x0000001c   Code   RO         3383    i.BSP_LED_Off       stm32f4_discovery.o
    0x080024d0   0x0000001c   Code   RO         3384    i.BSP_LED_On        stm32f4_discovery.o
    0x080024ec   0x00000018   Code   RO         3386    i.BSP_PB_GetState   stm32f4_discovery.o
    0x08002504   0x00000080   Code   RO         3387    i.BSP_PB_Init       stm32f4_discovery.o
    0x08002584   0x00000002   Code   RO          632    i.BusFault_Handler  stm32f4xx_it.o
    0x08002586   0x00000002   PAD
    0x08002588   0x0000006c   Code   RO         4259    i.CRC_Lock          libPDMFilter_CM4_Keil_wc16.lib(stm32_crc_lock.o)
    0x080025f4   0x000003a4   Code   RO         4081    i.D128_1CH_HTONS_VOL_HP  libPDMFilter_CM4_Keil_wc16.lib(pdm_filter.o)
    0x08002998   0x00000464   Code   RO         4082    i.D128_GENERIC      libPDMFilter_CM4_Keil_wc16.lib(pdm_filter.o)
    0x08002dfc   0x000000e4   Code   RO         4083    i.D16_1CH_HTONS_VOL_HP  libPDMFilter_CM4_Keil_wc16.lib(pdm_filter.o)
    0x08002ee0   0x00000110   Code   RO         4084    i.D16_GENERIC       libPDMFilter_CM4_Keil_wc16.lib(pdm_filter.o)
    0x08002ff0   0x00000144   Code   RO         4085    i.D24_1CH_HTONS_VOL_HP  libPDMFilter_CM4_Keil_wc16.lib(pdm_filter.o)
    0x08003134   0x00000184   Code   RO         4086    i.D24_GENERIC       libPDMFilter_CM4_Keil_wc16.lib(pdm_filter.o)
    0x080032b8   0x0000014c   Code   RO         4087    i.D32_1CH_HTONS_VOL_HP  libPDMFilter_CM4_Keil_wc16.lib(pdm_filter.o)
    0x08003404   0x00000188   Code   RO         4088    i.D32_GENERIC       libPDMFilter_CM4_Keil_wc16.lib(pdm_filter.o)
    0x0800358c   0x000001c8   Code   RO         4089    i.D48_1CH_HTONS_VOL_HP  libPDMFilter_CM4_Keil_wc16.lib(pdm_filter.o)
    0x08003754   0x0000021c   Code   RO         4090    i.D48_GENERIC       libPDMFilter_CM4_Keil_wc16.lib(pdm_filter.o)
    0x08003970   0x00000224   Code   RO         4091    i.D64_1CH_HTONS_VOL_HP  libPDMFilter_CM4_Keil_wc16.lib(pdm_filter.o)
    0x08003b94   0x00000254   Code   RO         4092    i.D64_GENERIC       libPDMFilter_CM4_Keil_wc16.lib(pdm_filter.o)
    0x08003de8   0x00000298   Code   RO         4093    i.D80_1CH_HTONS_VOL_HP  libPDMFilter_CM4_Keil_wc16.lib(pdm_filter.o)
    0x08004080   0x00000320   Code   RO         4094    i.D80_GENERIC       libPDMFilter_CM4_Keil_wc16.lib(pdm_filter.o)
    0x080043a0   0x0000000c   Code   RO          633    i.DMA1_Stream3_IRQHandler  stm32f4xx_it.o
    0x080043ac   0x0000000c   Code   RO          634    i.DMA1_Stream7_IRQHandler  stm32f4xx_it.o
    0x080043b8   0x0000000c   Code   RO          635    i.DMA2_Stream2_IRQHandler  stm32f4xx_it.o
    0x080043c4   0x00000028   Code   RO         1715    i.DMA_CalcBaseAndBitshift  stm32f4xx_hal_dma.o
    0x080043ec   0x00000054   Code   RO         1716    i.DMA_CheckFifoParam  stm32f4xx_hal_dma.o
    0x08004440   0x00000028   Code   RO         1717    i.DMA_SetConfig     stm32f4xx_hal_dma.o
    0x08004468   0x00000044   Code   RO          358    i.DWT_Delay_Init    lcd16x2.o
    0x080044ac   0x0000002c   Code   RO          359    i.DWT_Delay_us      lcd16x2.o
    0x080044d8   0x00000002   Code   RO          636    i.DebugMon_Handler  stm32f4xx_it.o
    0x080044da   0x00000006   Code   RO          637    i.EXTI0_IRQHandler  stm32f4xx_it.o
    0x080044e0   0x00000008   Code   RO          513    i.Error_Handler     main.o
    0x080044e8   0x0000008e   Code   RO         1718    i.HAL_DMA_Abort     stm32f4xx_hal_dma.o
    0x08004576   0x00000024   Code   RO         1719    i.HAL_DMA_Abort_IT  stm32f4xx_hal_dma.o
    0x0800459a   0x00000062   Code   RO         1720    i.HAL_DMA_DeInit    stm32f4xx_hal_dma.o
    0x080045fc   0x000001a0   Code   RO         1723    i.HAL_DMA_IRQHandler  stm32f4xx_hal_dma.o
    0x0800479c   0x000000d4   Code   RO         1724    i.HAL_DMA_Init      stm32f4xx_hal_dma.o
    0x08004870   0x0000006e   Code   RO         1728    i.HAL_DMA_Start_IT  stm32f4xx_hal_dma.o
    0x080048de   0x00000002   PAD
    0x080048e0   0x00000024   Code   RO         2137    i.HAL_Delay         stm32f4xx_hal.o
    0x08004904   0x00000030   Code   RO          514    i.HAL_GPIO_EXTI_Callback  main.o
    0x08004934   0x00000018   Code   RO         1610    i.HAL_GPIO_EXTI_IRQHandler  stm32f4xx_hal_gpio.o
    0x0800494c   0x000001b8   Code   RO         1611    i.HAL_GPIO_Init     stm32f4xx_hal_gpio.o
    0x08004b04   0x0000000a   Code   RO         1613    i.HAL_GPIO_ReadPin  stm32f4xx_hal_gpio.o
    0x08004b0e   0x0000000a   Code   RO         1615    i.HAL_GPIO_WritePin  stm32f4xx_hal_gpio.o
    0x08004b18   0x0000000c   Code   RO         2143    i.HAL_GetTick       stm32f4xx_hal.o
    0x08004b24   0x00000188   Code   RO          822    i.HAL_I2C_Init      stm32f4xx_hal_i2c.o
    0x08004cac   0x00000088   Code   RO          739    i.HAL_I2C_MspInit   stm32f4xx_hal_msp.o
    0x08004d34   0x000001f4   Code   RO         2567    i.HAL_I2SEx_FullDuplex_IRQHandler  stm32f4xx_hal_i2s_ex.o
    0x08004f28   0x00000002   Code   RO         2571    i.HAL_I2SEx_TxRxCpltCallback  stm32f4xx_hal_i2s_ex.o
    0x08004f2a   0x00000002   PAD
    0x08004f2c   0x00000240   Code   RO         2390    i.HAL_I2S_DMAStop   stm32f4xx_hal_i2s.o
    0x0800516c   0x00000028   Code   RO         3540    i.HAL_I2S_ErrorCallback  stm32f4_discovery_audio.o
    0x08005194   0x00000006   Code   RO         2394    i.HAL_I2S_GetState  stm32f4xx_hal_i2s.o
    0x0800519a   0x00000002   PAD
    0x0800519c   0x00000174   Code   RO         2396    i.HAL_I2S_Init      stm32f4xx_hal_i2s.o
    0x08005310   0x000000a8   Code   RO          741    i.HAL_I2S_MspInit   stm32f4xx_hal_msp.o
    0x080053b8   0x000000d4   Code   RO         2400    i.HAL_I2S_Receive_DMA  stm32f4xx_hal_i2s.o
    0x0800548c   0x00000008   Code   RO         3541    i.HAL_I2S_RxCpltCallback  stm32f4_discovery_audio.o
    0x08005494   0x00000008   Code   RO         3542    i.HAL_I2S_RxHalfCpltCallback  stm32f4_discovery_audio.o
    0x0800549c   0x000000c0   Code   RO         2405    i.HAL_I2S_Transmit_DMA  stm32f4xx_hal_i2s.o
    0x0800555c   0x00000014   Code   RO         3543    i.HAL_I2S_TxCpltCallback  stm32f4_discovery_audio.o
    0x08005570   0x00000014   Code   RO         3544    i.HAL_I2S_TxHalfCpltCallback  stm32f4_discovery_audio.o
    0x08005584   0x00000010   Code   RO         2149    i.HAL_IncTick       stm32f4xx_hal.o
    0x08005594   0x00000034   Code   RO         2150    i.HAL_Init          stm32f4xx_hal.o
    0x080055c8   0x00000040   Code   RO         2151    i.HAL_InitTick      stm32f4xx_hal.o
    0x08005608   0x00000030   Code   RO          742    i.HAL_MspInit       stm32f4xx_hal_msp.o
    0x08005638   0x0000001a   Code   RO         2000    i.HAL_NVIC_EnableIRQ  stm32f4xx_hal_cortex.o
    0x08005652   0x00000002   PAD
    0x08005654   0x00000040   Code   RO         2006    i.HAL_NVIC_SetPriority  stm32f4xx_hal_cortex.o
    0x08005694   0x00000024   Code   RO         2007    i.HAL_NVIC_SetPriorityGrouping  stm32f4xx_hal_cortex.o
    0x080056b8   0x00000034   Code   RO         1360    i.HAL_RCCEx_GetPeriphCLKConfig  stm32f4xx_hal_rcc_ex.o
    0x080056ec   0x0000005c   Code   RO         1361    i.HAL_RCCEx_GetPeriphCLKFreq  stm32f4xx_hal_rcc_ex.o
    0x08005748   0x0000013c   Code   RO         1362    i.HAL_RCCEx_PeriphCLKConfig  stm32f4xx_hal_rcc_ex.o
    0x08005884   0x00000134   Code   RO         1257    i.HAL_RCC_ClockConfig  stm32f4xx_hal_rcc.o
    0x080059b8   0x0000000c   Code   RO         1262    i.HAL_RCC_GetHCLKFreq  stm32f4xx_hal_rcc.o
    0x080059c4   0x00000020   Code   RO         1264    i.HAL_RCC_GetPCLK1Freq  stm32f4xx_hal_rcc.o
    0x080059e4   0x00000020   Code   RO         1265    i.HAL_RCC_GetPCLK2Freq  stm32f4xx_hal_rcc.o
    0x08005a04   0x00000060   Code   RO         1266    i.HAL_RCC_GetSysClockFreq  stm32f4xx_hal_rcc.o
    0x08005a64   0x0000035c   Code   RO         1269    i.HAL_RCC_OscConfig  stm32f4xx_hal_rcc.o
    0x08005dc0   0x00000080   Code   RO         2662    i.HAL_SPI_Init      stm32f4xx_hal_spi.o
    0x08005e40   0x00000068   Code   RO          744    i.HAL_SPI_MspInit   stm32f4xx_hal_msp.o
    0x08005ea8   0x00000028   Code   RO         2011    i.HAL_SYSTICK_Config  stm32f4xx_hal_cortex.o
    0x08005ed0   0x00000002   Code   RO         3030    i.HAL_UART_ErrorCallback  stm32f4xx_hal_uart.o
    0x08005ed2   0x00000002   PAD
    0x08005ed4   0x00000114   Code   RO         3033    i.HAL_UART_IRQHandler  stm32f4xx_hal_uart.o
    0x08005fe8   0x00000062   Code   RO         3034    i.HAL_UART_Init     stm32f4xx_hal_uart.o
    0x0800604a   0x00000002   PAD
    0x0800604c   0x000000b8   Code   RO          746    i.HAL_UART_MspInit  stm32f4xx_hal_msp.o
    0x08006104   0x00000098   Code   RO         3038    i.HAL_UART_Receive_DMA  stm32f4xx_hal_uart.o
    0x0800619c   0x0000006c   Code   RO          515    i.HAL_UART_RxCpltCallback  main.o
    0x08006208   0x00000002   Code   RO         3041    i.HAL_UART_RxHalfCpltCallback  stm32f4xx_hal_uart.o
    0x0800620a   0x00000002   Code   RO         3045    i.HAL_UART_TxCpltCallback  stm32f4xx_hal_uart.o
    0x0800620c   0x00000002   Code   RO          638    i.HardFault_Handler  stm32f4xx_it.o
    0x0800620e   0x00000002   PAD
    0x08006210   0x00000040   Code   RO         3545    i.I2S2_Init         stm32f4_discovery_audio.o
    0x08006250   0x00000060   Code   RO         2574    i.I2SEx_RxISR_I2SExt  stm32f4xx_hal_i2s_ex.o
    0x080062b0   0x00000060   Code   RO         2575    i.I2SEx_TxISR_I2SExt  stm32f4xx_hal_i2s_ex.o
    0x08006310   0x00000028   Code   RO         2409    i.I2S_DMAError      stm32f4xx_hal_i2s.o
    0x08006338   0x00000024   Code   RO         2410    i.I2S_DMARxCplt     stm32f4xx_hal_i2s.o
    0x0800635c   0x0000000a   Code   RO         2411    i.I2S_DMARxHalfCplt  stm32f4xx_hal_i2s.o
    0x08006366   0x00000024   Code   RO         2412    i.I2S_DMATxCplt     stm32f4xx_hal_i2s.o
    0x0800638a   0x0000000a   Code   RO         2413    i.I2S_DMATxHalfCplt  stm32f4xx_hal_i2s.o
    0x08006394   0x000000f2   Code   RO         2414    i.I2S_IRQHandler    stm32f4xx_hal_i2s.o
    0x08006486   0x0000004e   Code   RO         2415    i.I2S_WaitFlagStateUntilTimeout  stm32f4xx_hal_i2s.o
    0x080064d4   0x00000178   Code   RO          516    i.MX_GPIO_Init      main.o
    0x0800664c   0x0000003c   Code   RO          517    i.MX_I2C3_Init      main.o
    0x08006688   0x00000040   Code   RO          518    i.MX_I2S2_Init      main.o
    0x080066c8   0x00000040   Code   RO          519    i.MX_SPI1_Init      main.o
    0x08006708   0x00000002   Code   RO          639    i.MemManage_Handler  stm32f4xx_it.o
    0x0800670a   0x00000002   Code   RO          640    i.NMI_Handler       stm32f4xx_it.o
    0x0800670c   0x0000001e   Code   RO          520    i.Off_Leds          main.o
    0x0800672a   0x00000002   PAD
    0x0800672c   0x00000084   Code   RO         3547    i.PDMDecoder_Init   stm32f4_discovery_audio.o
    0x080067b0   0x0000002c   Code   RO         4095    i.PDM_Filter        libPDMFilter_CM4_Keil_wc16.lib(pdm_filter.o)
    0x080067dc   0x0000012c   Code   RO         4096    i.PDM_Filter_Init   libPDMFilter_CM4_Keil_wc16.lib(pdm_filter.o)
    0x08006908   0x00000210   Code   RO         4098    i.PDM_Filter_setConfig  libPDMFilter_CM4_Keil_wc16.lib(pdm_filter.o)
    0x08006b18   0x00000002   Code   RO          641    i.PendSV_Handler    stm32f4xx_it.o
    0x08006b1a   0x00000002   Code   RO          642    i.SVC_Handler       stm32f4xx_it.o
    0x08006b1c   0x00000004   Code   RO          643    i.SysTick_Handler   stm32f4xx_it.o
    0x08006b20   0x000000ac   Code   RO          521    i.SystemClock_Config  main.o
    0x08006bcc   0x0000001c   Code   RO         3336    i.SystemInit        system_stm32f4xx.o
    0x08006be8   0x00000010   Code   RO         3047    i.UART_DMAAbortOnError  stm32f4xx_hal_uart.o
    0x08006bf8   0x0000004a   Code   RO         3048    i.UART_DMAError     stm32f4xx_hal_uart.o
    0x08006c42   0x0000003c   Code   RO         3049    i.UART_DMAReceiveCplt  stm32f4xx_hal_uart.o
    0x08006c7e   0x0000000a   Code   RO         3051    i.UART_DMARxHalfCplt  stm32f4xx_hal_uart.o
    0x08006c88   0x0000001c   Code   RO         3057    i.UART_EndRxTransfer  stm32f4xx_hal_uart.o
    0x08006ca4   0x00000012   Code   RO         3058    i.UART_EndTxTransfer  stm32f4xx_hal_uart.o
    0x08006cb6   0x00000096   Code   RO         3059    i.UART_Receive_IT   stm32f4xx_hal_uart.o
    0x08006d4c   0x00000128   Code   RO         3060    i.UART_SetConfig    stm32f4xx_hal_uart.o
    0x08006e74   0x00000062   Code   RO         3061    i.UART_Transmit_IT  stm32f4xx_hal_uart.o
    0x08006ed6   0x00000002   PAD
    0x08006ed8   0x0000000c   Code   RO          644    i.USART1_IRQHandler  stm32f4xx_it.o
    0x08006ee4   0x00000002   Code   RO          645    i.UsageFault_Handler  stm32f4xx_it.o
    0x08006ee6   0x00000002   PAD
    0x08006ee8   0x00000020   Code   RO         4810    i.__0printf         mc_w.l(printfa.o)
    0x08006f08   0x00000024   Code   RO         4816    i.__0vsprintf       mc_w.l(printfa.o)
    0x08006f2c   0x00000026   Code   RO         4872    i.__ARM_fpclassifyf  m_wm.l(fpclassifyf.o)
    0x08006f52   0x00000020   Code   RO         2013    i.__NVIC_SetPriority  stm32f4xx_hal_cortex.o
    0x08006f72   0x00000002   PAD
    0x08006f74   0x00000150   Code   RO         4502    i.__hardfp_cosf     m_wm.l(cosf.o)
    0x080070c4   0x00000004   PAD
    0x080070c8   0x00000118   Code   RO         4514    i.__hardfp_floor    m_wm.l(floor.o)
    0x080071e0   0x0000016c   Code   RO         4520    i.__hardfp_logf     m_wm.l(logf.o)
    0x0800734c   0x00000664   Code   RO         4534    i.__hardfp_powf     m_wm.l(powf.o)
    0x080079b0   0x0000009a   Code   RO         4560    i.__hardfp_roundf   m_wm.l(roundf.o)
    0x08007a4a   0x0000003a   Code   RO         4548    i.__hardfp_sqrtf    m_wm.l(sqrtf.o)
    0x08007a84   0x00000014   Code   RO         4874    i.__mathlib_flt_divzero  m_wm.l(funder.o)
    0x08007a98   0x00000006   Code   RO         4875    i.__mathlib_flt_infnan  m_wm.l(funder.o)
    0x08007a9e   0x00000006   Code   RO         4876    i.__mathlib_flt_infnan2  m_wm.l(funder.o)
    0x08007aa4   0x00000010   Code   RO         4877    i.__mathlib_flt_invalid  m_wm.l(funder.o)
    0x08007ab4   0x00000010   Code   RO         4878    i.__mathlib_flt_overflow  m_wm.l(funder.o)
    0x08007ac4   0x00000010   Code   RO         4880    i.__mathlib_flt_underflow  m_wm.l(funder.o)
    0x08007ad4   0x00000154   Code   RO         4888    i.__mathlib_rredf2  m_wm.l(rredf.o)
    0x08007c28   0x0000000e   Code   RO         4944    i.__scatterload_copy  mc_w.l(handlers.o)
    0x08007c36   0x00000002   Code   RO         4945    i.__scatterload_null  mc_w.l(handlers.o)
    0x08007c38   0x0000000e   Code   RO         4946    i.__scatterload_zeroinit  mc_w.l(handlers.o)
    0x08007c46   0x00000002   PAD
    0x08007c48   0x0000000c   Code   RO         4918    i.__set_errno       mc_w.l(errno.o)
    0x08007c54   0x00000164   Code   RO         4817    i._fp_digits        mc_w.l(printfa.o)
    0x08007db8   0x000006dc   Code   RO         4818    i._printf_core      mc_w.l(printfa.o)
    0x08008494   0x00000024   Code   RO         4819    i._printf_post_padding  mc_w.l(printfa.o)
    0x080084b8   0x0000002e   Code   RO         4820    i._printf_pre_padding  mc_w.l(printfa.o)
    0x080084e6   0x0000000a   Code   RO         4822    i._sputc            mc_w.l(printfa.o)
    0x080084f0   0x0000003c   Code   RO          523    i.blink_rgb         main.o
    0x0800852c   0x0000011c   Code   RO          256    i.block_frames      dsp.o
    0x08008648   0x0000000c   Code   RO          257    i.check_pass        dsp.o
    0x08008654   0x000000dc   Code   RO          258    i.check_voice       dsp.o
    0x08008730   0x000000bc   Code   RO          259    i.dct_log_transform  dsp.o
    0x080087ec   0x0000007c   Code   RO          260    i.euclidean         dsp.o
    0x08008868   0x00000028   Code   RO          524    i.fputc             main.o
    0x08008890   0x00000050   Code   RO         4838    i.free              mc_w.l(malloc.o)
    0x080088e0   0x00000012   Code   RO          362    i.lcd16x2_clear     lcd16x2.o
    0x080088f2   0x00000002   PAD
    0x080088f4   0x0000002c   Code   RO          365    i.lcd16x2_enablePulse  lcd16x2.o
    0x08008920   0x00000090   Code   RO          366    i.lcd16x2_init_4bits  lcd16x2.o
    0x080089b0   0x0000003e   Code   RO          369    i.lcd16x2_printf    lcd16x2.o
    0x080089ee   0x00000002   PAD
    0x080089f0   0x00000010   Code   RO          370    i.lcd16x2_rs        lcd16x2.o
    0x08008a00   0x00000016   Code   RO          371    i.lcd16x2_setCursor  lcd16x2.o
    0x08008a16   0x00000002   PAD
    0x08008a18   0x000000d8   Code   RO          375    i.lcd16x2_write     lcd16x2.o
    0x08008af0   0x00000048   Code   RO          376    i.lcd16x2_write4    lcd16x2.o
    0x08008b38   0x00000014   Code   RO          377    i.lcd16x2_writeCommand  lcd16x2.o
    0x08008b4c   0x00000278   Code   RO          525    i.main              main.o
    0x08008dc4   0x0000006c   Code   RO         4839    i.malloc            mc_w.l(malloc.o)
    0x08008e30   0x00000100   Code   RO          261    i.mfcc              dsp.o
    0x08008f30   0x0000001c   Code   RO          262    i.remove_copy       dsp.o
    0x08008f4c   0x0000009c   Code   RO          526    i.toggle_leds_rgb   main.o
    0x08008fe8   0x0000003c   Code   RO          527    i.toggle_relay      main.o
    0x08009024   0x00000104   Code   RO          263    i.voice_compare     dsp.o
    0x08009128   0x00000184   Code   RO          264    i.voice_recognition  dsp.o
    0x080092ac   0x00000034   Data   RO          265    .constdata          dsp.o
    0x080092e0   0x0000006e   Data   RO          342    .constdata          dsp_coeffs.o
    0x0800934e   0x00000002   PAD
    0x08009350   0x00000400   Data   RO          343    .constdata          dsp_coeffs.o
    0x08009750   0x00002850   Data   RO          344    .constdata          dsp_coeffs.o
    0x0800bfa0   0x00006400   Data   RO          345    .constdata          dsp_coeffs.o
    0x080123a0   0x00000008   Data   RO         1730    .constdata          stm32f4xx_hal_dma.o
    0x080123a8   0x00000010   Data   RO         3337    .constdata          system_stm32f4xx.o
    0x080123b8   0x00000008   Data   RO         3338    .constdata          system_stm32f4xx.o
    0x080123c0   0x0000000c   Data   RO         3394    .constdata          stm32f4_discovery.o
    0x080123cc   0x00000040   Data   RO         4523    .constdata          m_wm.l(logf.o)
    0x0801240c   0x00000140   Data   RO         4537    .constdata          m_wm.l(powf.o)
    0x0801254c   0x00000020   Data   RO         4889    .constdata          m_wm.l(rredf.o)
    0x0801256c   0x00000e10   Data   RO         4337    .rodata.armBitRevIndexTable1024  arm_cortexM4lf_math.lib(arm_common_tables.o)
    0x0801337c   0x000001a0   Data   RO         4334    .rodata.armBitRevIndexTable128  arm_cortexM4lf_math.lib(arm_common_tables.o)
    0x0801351c   0x00000028   Data   RO         4331    .rodata.armBitRevIndexTable16  arm_cortexM4lf_math.lib(arm_common_tables.o)
    0x08013544   0x00001dc0   Data   RO         4338    .rodata.armBitRevIndexTable2048  arm_cortexM4lf_math.lib(arm_common_tables.o)
    0x08015304   0x00000370   Data   RO         4335    .rodata.armBitRevIndexTable256  arm_cortexM4lf_math.lib(arm_common_tables.o)
    0x08015674   0x00000060   Data   RO         4332    .rodata.armBitRevIndexTable32  arm_cortexM4lf_math.lib(arm_common_tables.o)
    0x080156d4   0x00001f80   Data   RO         4339    .rodata.armBitRevIndexTable4096  arm_cortexM4lf_math.lib(arm_common_tables.o)
    0x08017654   0x00000380   Data   RO         4336    .rodata.armBitRevIndexTable512  arm_cortexM4lf_math.lib(arm_common_tables.o)
    0x080179d4   0x00000070   Data   RO         4333    .rodata.armBitRevIndexTable64  arm_cortexM4lf_math.lib(arm_common_tables.o)
    0x08017a44   0x00000010   Data   RO         4443    .rodata.arm_cfft_sR_f32_len1024  arm_cortexM4lf_math.lib(arm_const_structs.o)
    0x08017a54   0x00000010   Data   RO         4440    .rodata.arm_cfft_sR_f32_len128  arm_cortexM4lf_math.lib(arm_const_structs.o)
    0x08017a64   0x00000010   Data   RO         4437    .rodata.arm_cfft_sR_f32_len16  arm_cortexM4lf_math.lib(arm_const_structs.o)
    0x08017a74   0x00000010   Data   RO         4444    .rodata.arm_cfft_sR_f32_len2048  arm_cortexM4lf_math.lib(arm_const_structs.o)
    0x08017a84   0x00000010   Data   RO         4441    .rodata.arm_cfft_sR_f32_len256  arm_cortexM4lf_math.lib(arm_const_structs.o)
    0x08017a94   0x00000010   Data   RO         4438    .rodata.arm_cfft_sR_f32_len32  arm_cortexM4lf_math.lib(arm_const_structs.o)
    0x08017aa4   0x00000010   Data   RO         4445    .rodata.arm_cfft_sR_f32_len4096  arm_cortexM4lf_math.lib(arm_const_structs.o)
    0x08017ab4   0x00000010   Data   RO         4442    .rodata.arm_cfft_sR_f32_len512  arm_cortexM4lf_math.lib(arm_const_structs.o)
    0x08017ac4   0x00000010   Data   RO         4439    .rodata.arm_cfft_sR_f32_len64  arm_cortexM4lf_math.lib(arm_const_structs.o)
    0x08017ad4   0x00002000   Data   RO         4301    .rodata.twiddleCoef_1024  arm_cortexM4lf_math.lib(arm_common_tables.o)
    0x08019ad4   0x00000400   Data   RO         4298    .rodata.twiddleCoef_128  arm_cortexM4lf_math.lib(arm_common_tables.o)
    0x08019ed4   0x00000080   Data   RO         4295    .rodata.twiddleCoef_16  arm_cortexM4lf_math.lib(arm_common_tables.o)
    0x08019f54   0x00004000   Data   RO         4302    .rodata.twiddleCoef_2048  arm_cortexM4lf_math.lib(arm_common_tables.o)
    0x0801df54   0x00000800   Data   RO         4299    .rodata.twiddleCoef_256  arm_cortexM4lf_math.lib(arm_common_tables.o)
    0x0801e754   0x00000100   Data   RO         4296    .rodata.twiddleCoef_32  arm_cortexM4lf_math.lib(arm_common_tables.o)
    0x0801e854   0x00008000   Data   RO         4303    .rodata.twiddleCoef_4096  arm_cortexM4lf_math.lib(arm_common_tables.o)
    0x08026854   0x00001000   Data   RO         4300    .rodata.twiddleCoef_512  arm_cortexM4lf_math.lib(arm_common_tables.o)
    0x08027854   0x00000200   Data   RO         4297    .rodata.twiddleCoef_64  arm_cortexM4lf_math.lib(arm_common_tables.o)
    0x08027a54   0x00001000   Data   RO         4362    .rodata.twiddleCoef_rfft_1024  arm_cortexM4lf_math.lib(arm_common_tables.o)
    0x08028a54   0x00000200   Data   RO         4359    .rodata.twiddleCoef_rfft_128  arm_cortexM4lf_math.lib(arm_common_tables.o)
    0x08028c54   0x00002000   Data   RO         4363    .rodata.twiddleCoef_rfft_2048  arm_cortexM4lf_math.lib(arm_common_tables.o)
    0x0802ac54   0x00000400   Data   RO         4360    .rodata.twiddleCoef_rfft_256  arm_cortexM4lf_math.lib(arm_common_tables.o)
    0x0802b054   0x00000080   Data   RO         4357    .rodata.twiddleCoef_rfft_32  arm_cortexM4lf_math.lib(arm_common_tables.o)
    0x0802b0d4   0x00004000   Data   RO         4364    .rodata.twiddleCoef_rfft_4096  arm_cortexM4lf_math.lib(arm_common_tables.o)
    0x0802f0d4   0x00000800   Data   RO         4361    .rodata.twiddleCoef_rfft_512  arm_cortexM4lf_math.lib(arm_common_tables.o)
    0x0802f8d4   0x00000100   Data   RO         4358    .rodata.twiddleCoef_rfft_64  arm_cortexM4lf_math.lib(arm_common_tables.o)
    0x0802f9d4   0x00000020   Data   RO         4942    Region$$Table       anon$$obj.o


    Execution Region RW_IRAM1 (Base: 0x20000000, Size: 0x00011360, Max: 0x00020000, ABSOLUTE, COMPRESSED[0x00000424])

    Base Addr    Size         Type   Attr      Idx    E Section Name        Object

    0x20000000   0x00000020   Data   RW           18    .data               audio_record.o
    0x20000020   0x00000004   Data   RW          266    .data               dsp.o
    0x20000024   0x0000000a   Data   RW          346    .data               dsp_coeffs.o
    0x2000002e   0x00000002   PAD
    0x20000030   0x00000024   Data   RW          378    .data               lcd16x2.o
    0x20000054   0x00000012   Data   RW          530    .data               main.o
    0x20000066   0x00000002   PAD
    0x20000068   0x0000000c   Data   RW         2157    .data               stm32f4xx_hal.o
    0x20000074   0x00000004   Data   RW         3339    .data               system_stm32f4xx.o
    0x20000078   0x0000001c   Data   RW         3395    .data               stm32f4_discovery.o
    0x20000094   0x00000008   Data   RW         3550    .data               stm32f4_discovery_audio.o
    0x2000009c   0x00000404   Data   RW         4099    .data               libPDMFilter_CM4_Keil_wc16.lib(pdm_filter.o)
    0x200004a0   0x00000004   Data   RW         4905    .data               mc_w.l(stdout.o)
    0x200004a4   0x00000004   Data   RW         4914    .data               mc_w.l(mvars.o)
    0x200004a8   0x00000004   Data   RW         4915    .data               mc_w.l(mvars.o)
    0x200004ac   0x00000004   Data   RW         4919    .data               mc_w.l(errno.o)
    0x200004b0   0x00004c5c   Zero   RW          528    .bss                main.o
    0x2000510c   0x00000060   Zero   RW          529    .bss                main.o
    0x2000516c   0x000001f4   Zero   RW         3548    .bss                stm32f4_discovery_audio.o
    0x20005360   0x00003000   Zero   RW            2    HEAP                startup_stm32f407xx.o
    0x20008360   0x00009000   Zero   RW            1    STACK               startup_stm32f407xx.o


==============================================================================

Image component sizes


      Code (inc. data)   RO Data    RW Data    ZI Data      Debug   Object Name

       696         78          0         32          0     701942   audio_record.o
      1760        198         52          4          0      10237   dsp.o
         0          0      37054         10          0        779   dsp_coeffs.o
       726         42          0         36          0       8278   lcd16x2.o
      1878        272          0         18      19644      41450   main.o
        36          8        392          0      49152        844   startup_stm32f407xx.o
       308         58         12         28          0       4974   stm32f4_discovery.o
       850        102          0          8        500      13575   stm32f4_discovery_audio.o
       180         28          0         12          0       9465   stm32f4xx_hal.o
       198         14          0          0          0      33983   stm32f4xx_hal_cortex.o
      1178         16          8          0          0       8151   stm32f4xx_hal_dma.o
       484         52          0          0          0       3722   stm32f4xx_hal_gpio.o
       392         16          0          0          0       3119   stm32f4xx_hal_i2c.o
      1810         52          0          0          0      10353   stm32f4xx_hal_i2s.o
       694         24          0          0          0       3779   stm32f4xx_hal_i2s_ex.o
       640         76          0          0          0       4004   stm32f4xx_hal_msp.o
      1340         78          0          0          0       5760   stm32f4xx_hal_rcc.o
       460         40          0          0          0       2940   stm32f4xx_hal_rcc_ex.o
       128          0          0          0          0       1179   stm32f4xx_hal_spi.o
      1282         30          0          0          0      10866   stm32f4xx_hal_uart.o
        74         20          0          0          0       6631   stm32f4xx_it.o
        28          6         24          4          0       1179   system_stm32f4xx.o

    ----------------------------------------------------------------------
     15174       1210      37576        156      69296     887210   Object Totals
         0          0         32          0          0          0   (incl. Generated)
        32          0          2          4          0          0   (incl. Padding)

    ----------------------------------------------------------------------

      Code (inc. data)   RO Data    RW Data    ZI Data      Debug   Library Member Name

       106          0          0          0          0       1013   arm_abs_f32.o
        68          0          0          0          0       1792   arm_bitreversal2.o
      1652          0          0          0          0       7236   arm_cfft_f32.o
       180          0          0          0          0       1283   arm_cfft_init_f32.o
      1458          4          0          0          0       5452   arm_cfft_radix8_f32.o
       178          0          0          0          0       1264   arm_cmplx_mag_squared_f32.o
         0          0     119768          0          0       6294   arm_common_tables.o
         0          0        144          0          0       4820   arm_const_structs.o
        70          0          0          0          0        983   arm_copy_f32.o
         8          0          0          0          0        841   arm_mat_init_f32.o
       296          4          0          0          0       2300   arm_mat_mult_f32.o
       162          0          0          0          0       1865   arm_mat_trans_f32.o
       120          4          0          0          0       1026   arm_mean_f32.o
       188          0          0          0          0       1174   arm_min_f32.o
       142          0          0          0          0       1127   arm_mult_f32.o
       128          4          0          0          0       1091   arm_power_f32.o
       430          0          0          0          0       3280   arm_rfft_fast_f32.o
       466          0          0          0          0       3844   arm_rfft_fast_init_f32.o
       142          0          0          0          0       1124   arm_sub_f32.o
      8472        648          0       1028          0       2588   pdm_filter.o
       108         26          0          0          0        116   stm32_crc_lock.o
       336         56          0          0          0        136   cosf.o
       280         28          0          0          0        156   floor.o
        38          0          0          0          0        116   fpclassifyf.o
        80         24          0          0          0        696   funder.o
       364         44         64          0          0        140   logf.o
      1636        110        320          0          0        372   powf.o
       154          0          0          0          0        140   roundf.o
       340         24         32          0          0        160   rredf.o
        58          0          0          0          0        136   sqrtf.o
        94          0          0          0          0          0   __dclz77c.o
         0          0          0          0          0          0   entry.o
         0          0          0          0          0          0   entry10a.o
         0          0          0          0          0          0   entry11a.o
         8          4          0          0          0          0   entry2.o
         4          0          0          0          0          0   entry5.o
         0          0          0          0          0          0   entry7b.o
         0          0          0          0          0          0   entry8b.o
         8          4          0          0          0          0   entry9a.o
        12          6          0          4          0         68   errno.o
        30          0          0          0          0          0   handlers.o
        36          8          0          0          0         68   init.o
         0          0          0          0          0          0   iusefp.o
        30          0          0          0          0         68   llshl.o
        36          0          0          0          0         68   llsshr.o
        32          0          0          0          0         68   llushr.o
       188         20          0          0          0        160   malloc.o
        36          0          0          0          0         68   memcpya.o
        36          0          0          0          0        108   memseta.o
         0          0          0          8          0          0   mvars.o
      2272         96          0          0          0        592   printfa.o
         0          0          0          4          0          0   stdout.o
        14          0          0          0          0         68   strlen.o
        44          0          0          0          0         80   uidiv.o
        98          0          0          0          0         92   uldiv.o
        48          0          0          0          0         68   cdrcmple.o
       334          0          0          0          0        148   dadd.o
       222          0          0          0          0        100   ddiv.o
       186          0          0          0          0        176   depilogue.o
        50          0          0          0          0         76   dfixui.o
        48          0          0          0          0         68   dfixul.o
        34          0          0          0          0         76   dflti.o
       228          0          0          0          0         96   dmul.o
       110          0          0          0          0        168   fepilogue.o
         4          0          0          0          0         68   fpstat.o
        60          0          0          0          0         76   frnd.o

    ----------------------------------------------------------------------
     21982       1118     120328       1044          0      55193   Library Totals
        20          4          0          0          0          0   (incl. Padding)

    ----------------------------------------------------------------------

      Code (inc. data)   RO Data    RW Data    ZI Data      Debug   Library Name

      5794         16     119912          0          0      47809   arm_cortexM4lf_math.lib
      8580        674          0       1028          0       2704   libPDMFilter_CM4_Keil_wc16.lib
      3286        286        416          0          0       2052   m_wm.l
      2978        138          0         16          0       1508   mc_w.l
      1324          0          0          0          0       1120   mf_w.l

    ----------------------------------------------------------------------
     21982       1118     120328       1044          0      55193   Library Totals

    ----------------------------------------------------------------------

==============================================================================


      Code (inc. data)   RO Data    RW Data    ZI Data      Debug   

     37156       2328     157904       1200      69296     923927   Grand Totals
     37156       2328     157904       1060      69296     923927   ELF Image Totals (compressed)
     37156       2328     157904       1060          0          0   ROM Totals

==============================================================================

    Total RO  Size (Code + RO Data)               195060 ( 190.49kB)
    Total RW  Size (RW Data + ZI Data)             70496 (  68.84kB)
    Total ROM Size (Code + RO Data + RW Data)     196120 ( 191.52kB)

==============================================================================

